Component: ARM Compiler 5.06 update 7 (build 960) Tool: armlink [4d3601]

==============================================================================

Section Cross References

    usermain.o(i.dataProcessing) refers to cmsis_os.o(i.osSignalWait) for osSignalWait
    usermain.o(i.dataProcessing) refers to bsp_can_fifo103.o(i.canStoreFatfs) for canStoreFatfs
    usermain.o(i.dataProcessing) refers to bsp_uart_fifo103.o(i.USART_Printf) for USART_Printf
    usermain.o(i.dataProcessing) refers to bsp103.o(i.Error_Handler103) for Error_Handler103
    bsp103.o(i.Error_Handler103) refers to _printf_percent.o(.ARM.Collect$$_printf_percent$$00000000) for _printf_percent
    bsp103.o(i.Error_Handler103) refers to _printf_d.o(.ARM.Collect$$_printf_percent$$00000009) for _printf_d
    bsp103.o(i.Error_Handler103) refers to _printf_s.o(.ARM.Collect$$_printf_percent$$00000014) for _printf_s
    bsp103.o(i.Error_Handler103) refers to _printf_dec.o(.text) for _printf_int_dec
    bsp103.o(i.Error_Handler103) refers to _printf_str.o(.text) for _printf_str
    bsp103.o(i.Error_Handler103) refers to __2printf.o(.text) for __2printf
    bsp103.o(i.SysTick_Handler) refers to tasks.o(i.xTaskGetSchedulerState) for xTaskGetSchedulerState
    bsp103.o(i.SysTick_Handler) refers to port.o(i.xPortSysTickHandler) for xPortSysTickHandler
    bsp103.o(i.bsp_Init) refers to bsp_key103.o(i.bsp_InitKey) for bsp_InitKey
    bsp103.o(i.bsp_Init) refers to bsp_uart_fifo103.o(i.bsp_InitUart) for bsp_InitUart
    bsp103.o(i.bsp_Init) refers to bsp_led103.o(i.bsp_InitLed) for bsp_InitLed
    bsp103.o(i.bsp_RunPer10ms) refers to bsp_key103.o(i.bsp_KeyScan10ms) for bsp_KeyScan10ms
    bsp_dwt103.o(i.BSP_CPU_ClkFreq) refers to system_stm32f1xx.o(.data) for SystemCoreClock
    bsp_dwt103.o(i.CPU_TS32_to_uSec) refers to bsp_dwt103.o(i.BSP_CPU_ClkFreq) for BSP_CPU_ClkFreq
    bsp_dwt103.o(i.CPU_TS_GET) refers to bsp_dwt103.o(i.CPU_TS32_to_uSec) for CPU_TS32_to_uSec
    bsp_dwt103.o(i.CPU_TS_GET) refers to bsp_dwt103.o(.data) for _ts_bak
    bsp_dwt103.o(i.bsp_DelayMS) refers to bsp_dwt103.o(i.bsp_DelayUS) for bsp_DelayUS
    bsp_dwt103.o(i.bsp_DelayUS) refers to system_stm32f1xx.o(.data) for SystemCoreClock
    bsp_key103.o(i.IsKeyDownFunc) refers to bsp_key103.o(i.KeyPinActive) for KeyPinActive
    bsp_key103.o(i.KeyPinActive) refers to bsp_key103.o(.constdata) for s_gpio_list
    bsp_key103.o(i.bsp_ClearKey) refers to bsp_key103.o(.bss) for s_tKey
    bsp_key103.o(i.bsp_DetectFastIO) refers to bsp_key103.o(i.IsKeyDownFunc) for IsKeyDownFunc
    bsp_key103.o(i.bsp_DetectFastIO) refers to bsp_key103.o(i.bsp_PutKey) for bsp_PutKey
    bsp_key103.o(i.bsp_DetectFastIO) refers to bsp_key103.o(.bss) for s_tBtn
    bsp_key103.o(i.bsp_DetectKey) refers to bsp_key103.o(i.IsKeyDownFunc) for IsKeyDownFunc
    bsp_key103.o(i.bsp_DetectKey) refers to bsp_key103.o(i.bsp_PutKey) for bsp_PutKey
    bsp_key103.o(i.bsp_DetectKey) refers to bsp_key103.o(.bss) for s_tBtn
    bsp_key103.o(i.bsp_GetKey) refers to bsp_key103.o(.bss) for s_tKey
    bsp_key103.o(i.bsp_GetKey2) refers to bsp_key103.o(.bss) for s_tKey
    bsp_key103.o(i.bsp_GetKeyState) refers to bsp_key103.o(.bss) for s_tBtn
    bsp_key103.o(i.bsp_InitKey) refers to bsp_key103.o(i.bsp_InitKeyVar) for bsp_InitKeyVar
    bsp_key103.o(i.bsp_InitKey) refers to bsp_key103.o(i.bsp_InitKeyHard) for bsp_InitKeyHard
    bsp_key103.o(i.bsp_InitKeyHard) refers to stm32f1xx_hal_gpio.o(i.HAL_GPIO_Init) for HAL_GPIO_Init
    bsp_key103.o(i.bsp_InitKeyHard) refers to bsp_key103.o(.constdata) for s_gpio_list
    bsp_key103.o(i.bsp_InitKeyVar) refers to bsp_key103.o(.bss) for s_tKey
    bsp_key103.o(i.bsp_KeyScan10ms) refers to bsp_key103.o(i.bsp_DetectKey) for bsp_DetectKey
    bsp_key103.o(i.bsp_KeyScan1ms) refers to bsp_key103.o(i.bsp_DetectFastIO) for bsp_DetectFastIO
    bsp_key103.o(i.bsp_PutKey) refers to bsp_key103.o(.bss) for s_tKey
    bsp_key103.o(i.bsp_SetKeyParam) refers to bsp_key103.o(.bss) for s_tBtn
    bsp_led103.o(i.bsp_InitLed) refers to bsp_led103.o(i.bsp_LedOff) for bsp_LedOff
    bsp_led103.o(i.bsp_InitLed) refers to stm32f1xx_hal_gpio.o(i.HAL_GPIO_Init) for HAL_GPIO_Init
    bsp_uart_fifo103.o(.rev16_text) refers (Special) to use_no_semi_2.o(.text) for __use_no_semihosting
    bsp_uart_fifo103.o(.revsh_text) refers (Special) to use_no_semi_2.o(.text) for __use_no_semihosting
    bsp_uart_fifo103.o(.rrx_text) refers (Special) to use_no_semi_2.o(.text) for __use_no_semihosting
    bsp_uart_fifo103.o(i.ComToUSARTx) refers (Special) to use_no_semi_2.o(.text) for __use_no_semihosting
    bsp_uart_fifo103.o(i.ComToUart) refers (Special) to use_no_semi_2.o(.text) for __use_no_semihosting
    bsp_uart_fifo103.o(i.ComToUart) refers to bsp103.o(i.Error_Handler103) for Error_Handler103
    bsp_uart_fifo103.o(i.ComToUart) refers to bsp_uart_fifo103.o(.bss) for g_tUart1
    bsp_uart_fifo103.o(i.InitHardUart) refers (Special) to use_no_semi_2.o(.text) for __use_no_semihosting
[...]
    vTaskName                                0x0800e205   Thumb Code     8  tasks.o(i.vTaskName)
    vTaskPlaceOnEventList                    0x0800e211   Thumb Code    52  tasks.o(i.vTaskPlaceOnEventList)
    vTaskPriorityDisinheritAfterTimeout      0x0800e249   Thumb Code   230  tasks.o(i.vTaskPriorityDisinheritAfterTimeout)
    vTaskStackAddr                           0x0800e33d   Thumb Code     8  tasks.o(i.vTaskStackAddr)
    vTaskStackSize                           0x0800e349   Thumb Code     8  tasks.o(i.vTaskStackSize)
    vTaskStartScheduler                      0x0800e355   Thumb Code   146  tasks.o(i.vTaskStartScheduler)
    vTaskSuspendAll                          0x0800e405   Thumb Code    12  tasks.o(i.vTaskSuspendAll)
    vTaskSwitchContext                       0x0800e415   Thumb Code   174  tasks.o(i.vTaskSwitchContext)
    xPortStartScheduler                      0x0800e4d9   Thumb Code   228  port.o(i.xPortStartScheduler)
    xPortSysTickHandler                      0x0800e5d1   Thumb Code    46  port.o(i.xPortSysTickHandler)
    xQueueGenericCreate                      0x0800e605   Thumb Code    94  queue.o(i.xQueueGenericCreate)
    xQueueGenericCreateStatic                0x0800e663   Thumb Code   222  queue.o(i.xQueueGenericCreateStatic)
    xQueueGenericReset                       0x0800e741   Thumb Code   146  queue.o(i.xQueueGenericReset)
    xQueueGenericSend                        0x0800e7d9   Thumb Code   420  queue.o(i.xQueueGenericSend)
    xQueueGiveFromISR                        0x0800e981   Thumb Code   224  queue.o(i.xQueueGiveFromISR)
    xQueueReceiveFromISR                     0x0800ea61   Thumb Code   202  queue.o(i.xQueueReceiveFromISR)
    xQueueSemaphoreTake                      0x0800eb2d   Thumb Code   434  queue.o(i.xQueueSemaphoreTake)
    xTaskCheckForTimeOut                     0x0800ece5   Thumb Code   132  tasks.o(i.xTaskCheckForTimeOut)
    xTaskCreate                              0x0800ed71   Thumb Code   100  tasks.o(i.xTaskCreate)
    xTaskCreateStatic                        0x0800edd5   Thumb Code   184  tasks.o(i.xTaskCreateStatic)
    xTaskGenericNotify                       0x0800ee8d   Thumb Code   242  tasks.o(i.xTaskGenericNotify)
    xTaskGenericNotifyFromISR                0x0800ef91   Thumb Code   298  tasks.o(i.xTaskGenericNotifyFromISR)
    xTaskGetSchedulerState                   0x0800f0d5   Thumb Code    24  tasks.o(i.xTaskGetSchedulerState)
    xTaskIncrementTick                       0x0800f0f5   Thumb Code   282  tasks.o(i.xTaskIncrementTick)
    xTaskNotifyWait                          0x0800f23d   Thumb Code   150  tasks.o(i.xTaskNotifyWait)
    xTaskPriorityDisinherit                  0x0800f2dd   Thumb Code   188  tasks.o(i.xTaskPriorityDisinherit)
    xTaskPriorityInherit                     0x0800f3a5   Thumb Code   186  tasks.o(i.xTaskPriorityInherit)
    xTaskRemoveFromEventList                 0x0800f46d   Thumb Code   128  tasks.o(i.xTaskRemoveFromEventList)
    xTaskResumeAll                           0x0800f505   Thumb Code   224  tasks.o(i.xTaskResumeAll)
    _get_lc_ctype                            0x0800f609   Thumb Code    44  lc_ctype_c.o(locale$$code)
    _get_lc_numeric                          0x0800f635   Thumb Code    44  lc_numeric_c.o(locale$$code)
    _printf_fp_dec                           0x0800f661   Thumb Code     4  printf1.o(x$fpl$printf1)
    _printf_fp_hex                           0x0800f665   Thumb Code     4  printf2.o(x$fpl$printf2)
    __I$use$fp                               0x0800f668   Number         0  usenofp.o(x$fpl$usenofp)
    STORAGE_Inquirydata_FS                   0x0800f6b0   Data          36  usbd_storage_if.o(.constdata)
    AHBPrescTable                            0x0800f6d4   Data          16  system_stm32f1xx.o(.constdata)
    APBPrescTable                            0x0800f6e4   Data           8  system_stm32f1xx.o(.constdata)
    SD_Driver                                0x0803a4ec   Data          20  sd_diskio.o(.constdata)
    MSC_Page00_Inquiry_Data                  0x0803a500   Data           7  usbd_msc_data.o(.constdata)
    MSC_Mode_Sense6_data                     0x0803a507   Data           8  usbd_msc_data.o(.constdata)
    MSC_Mode_Sense10_data                    0x0803a50f   Data           8  usbd_msc_data.o(.constdata)
    Region$$Table$$Base                      0x0803ac4c   Number         0  anon$$obj.o(Region$$Table)
    Region$$Table$$Limit                     0x0803ac6c   Number         0  anon$$obj.o(Region$$Table)
    __ctype                                  0x0803ac79   Data           0  lc_ctype_c.o(locale$$data)
    Image$$ER_IROM1$$Limit                   0x0803ad98   Number         0  anon$$obj.o ABSOLUTE
    __stdout                                 0x20000000   Data           4  bsp_uart_fifo103.o(.data)
    __stdin                                  0x20000004   Data           4  bsp_uart_fifo103.o(.data)
    StartHandler1                            0x20000008   Data           4  main.o(.data)
    StartHandler2                            0x2000000c   Data           4  main.o(.data)
    gState                                   0x20000010   Data           1  main.o(.data)
    StartTaskHandle                          0x20000014   Data           4  main.o(.data)
    StatusTaskHandle                         0x20000018   Data           4  main.o(.data)
    retSD                                    0x2000001c   Data           1  fatfs.o(.data)
    SDPath                                   0x2000001d   Data           4  fatfs.o(.data)
    FS_Desc                                  0x20000024   Data          28  usbd_desc.o(.data)
    USBD_FS_DeviceDesc                       0x20000040   Data          18  usbd_desc.o(.data)
    USBD_LangIDDesc                          0x20000054   Data           4  usbd_desc.o(.data)
    USBD_StringSerial                        0x20000058   Data          26  usbd_desc.o(.data)
    USBD_Storage_Interface_fops_FS           0x20000074   Data          32  usbd_storage_if.o(.data)
    SystemCoreClock                          0x20000094   Data           4  system_stm32f1xx.o(.data)
    uwTick                                   0x200000ac   Data           4  stm32f1xx_hal.o(.data)
    uwTickPrio                               0x200000b0   Data           4  stm32f1xx_hal.o(.data)
    uwTickFreq                               0x200000b4   Data           1  stm32f1xx_hal.o(.data)
    pxCurrentTCB                             0x200000c0   Data           4  tasks.o(.data)
    USBD_MSC                                 0x20000124   Data          56  usbd_msc.o(.data)
    USBD_MSC_CfgHSDesc                       0x2000015c   Data          32  usbd_msc.o(.data)
    USBD_MSC_CfgFSDesc                       0x2000017c   Data          32  usbd_msc.o(.data)
    USBD_MSC_OtherSpeedCfgDesc               0x2000019c   Data          32  usbd_msc.o(.data)
    USBD_MSC_DeviceQualifierDesc             0x200001bc   Data          10  usbd_msc.o(.data)
    SDFatFs                                  0x20000a44   Data         564  bsp_can_fifo103.o(.bss)
    hcan                                     0x20001ad4   Data          40  main.o(.bss)
    hsd                                      0x20001afc   Data         132  main.o(.bss)
    htim2                                    0x20001b80   Data          72  main.o(.bss)
    huart1                                   0x20001bc8   Data          68  main.o(.bss)
    hUsbDeviceFS                             0x20001e68   Data         708  usb_device.o(.bss)
    hpcd_USB_FS                              0x2000212c   Data         748  usbd_conf.o(.bss)
    USBD_StrDesc                             0x20002688   Data         512  usbd_desc.o(.bss)
    htim1                                    0x20002888   Data          72  stm32f1xx_hal_timebase_tim.o(.bss)
    disk                                     0x20002a1c   Data          12  ff_gen_drv.o(.bss)
    xQueueRegistry                           0x20002a28   Data          64  queue.o(.bss)
    __libspace_start                         0x2000a0d0   Data          96  libspace.o(.bss)
    __temporary_stack_top$libspace           0x2000a130   Data           0  libspace.o(.bss)
    STACK$$Base                              0x2000c130   Number         0  startup_stm32f103xe.o(STACK)
    STACK$$Limit                             0x2000e130   Number         0  startup_stm32f103xe.o(STACK)



==============================================================================

Memory Map of the image

  Image Entry point : 0x08000131

  Load Region LR_IROM1 (Base: 0x08000000, Size: 0x0003af60, Max: 0x00080000, ABSOLUTE, COMPRESSED[0x0003ae4c])

    Execution Region ER_IROM1 (Exec base: 0x08000000, Load base: 0x08000000, Size: 0x0003ad98, Max: 0x00080000, ABSOLUTE)

    Exec Addr    Load Addr    Size         Type   Attr      Idx    E Section Name        Object

    0x08000000   0x08000000   0x00000130   Data   RO         2155    RESET               startup_stm32f103xe.o
    0x08000130   0x08000130   0x00000008   Code   RO         8379  * !!!main             c_w.l(__main.o)
    0x08000138   0x08000138   0x00000034   Code   RO         8631    !!!scatter          c_w.l(__scatter.o)
    0x0800016c   0x0800016c   0x0000005a   Code   RO         8629    !!dczerorl2         c_w.l(__dczerorl2.o)
    0x080001c6   0x080001c6   0x00000002   PAD
    0x080001c8   0x080001c8   0x0000001c   Code   RO         8633    !!handler_zi        c_w.l(__scatter_zi.o)
    0x080001e4   0x080001e4   0x00000000   Code   RO         8361    .ARM.Collect$$_printf_percent$$00000000  c_w.l(_printf_percent.o)
    0x080001e4   0x080001e4   0x00000006   Code   RO         8354    .ARM.Collect$$_printf_percent$$00000001  c_w.l(_printf_n.o)
    0x080001ea   0x080001ea   0x00000006   Code   RO         8356    .ARM.Collect$$_printf_percent$$00000002  c_w.l(_printf_p.o)
    0x080001f0   0x080001f0   0x00000006   Code   RO         8398    .ARM.Collect$$_printf_percent$$00000003  c_w.l(_printf_f.o)
    0x080001f6   0x080001f6   0x00000006   Code   RO         8399    .ARM.Collect$$_printf_percent$$00000004  c_w.l(_printf_e.o)
    0x080001fc   0x080001fc   0x00000006   Code   RO         8400    .ARM.Collect$$_printf_percent$$00000005  c_w.l(_printf_g.o)
    0x08000202   0x08000202   0x00000006   Code   RO         8401    .ARM.Collect$$_printf_percent$$00000006  c_w.l(_printf_a.o)
    0x08000208   0x08000208   0x0000000a   Code   RO         8406    .ARM.Collect$$_printf_percent$$00000007  c_w.l(_printf_ll.o)
    0x08000212   0x08000212   0x00000006   Code   RO         8358    .ARM.Collect$$_printf_percent$$00000008  c_w.l(_printf_i.o)
    0x08000218   0x08000218   0x00000006   Code   RO         8359    .ARM.Collect$$_printf_percent$$00000009  c_w.l(_printf_d.o)
    0x0800021e   0x0800021e   0x00000006   Code   RO         8360    .ARM.Collect$$_printf_percent$$0000000A  c_w.l(_printf_u.o)
    0x08000224   0x08000224   0x00000006   Code   RO         8357    .ARM.Collect$$_printf_percent$$0000000B  c_w.l(_printf_o.o)
    0x0800022a   0x0800022a   0x00000006   Code   RO         8355    .ARM.Collect$$_printf_percent$$0000000C  c_w.l(_printf_x.o)
    0x08000230   0x08000230   0x00000006   Code   RO         8403    .ARM.Collect$$_printf_percent$$0000000D  c_w.l(_printf_lli.o)
    0x08000236   0x08000236   0x00000006   Code   RO         8404    .ARM.Collect$$_printf_percent$$0000000E  c_w.l(_printf_lld.o)
    0x0800023c   0x0800023c   0x00000006   Code   RO         8405    .ARM.Collect$$_printf_percent$$0000000F  c_w.l(_printf_llu.o)
    0x08000242   0x08000242   0x00000006   Code   RO         8409    .ARM.Collect$$_printf_percent$$00000010  c_w.l(_printf_llo.o)
    0x08000248   0x08000248   0x00000006   Code   RO         8410    .ARM.Collect$$_printf_percent$$00000011  c_w.l(_printf_llx.o)
    0x0800024e   0x0800024e   0x0000000a   Code   RO         8407    .ARM.Collect$$_printf_percent$$00000012  c_w.l(_printf_l.o)
    0x08000258   0x08000258   0x00000006   Code   RO         8352    .ARM.Collect$$_printf_percent$$00000013  c_w.l(_printf_c.o)
    0x0800025e   0x0800025e   0x00000006   Code   RO         8353    .ARM.Collect$$_printf_percent$$00000014  c_w.l(_printf_s.o)
    0x08000264   0x08000264   0x00000006   Code   RO         8362    .ARM.Collect$$_printf_percent$$00000015  c_w.l(_printf_lc.o)
    0x0800026a   0x0800026a   0x00000006   Code   RO         8408    .ARM.Collect$$_printf_percent$$00000016  c_w.l(_printf_ls.o)
    0x08000270   0x08000270   0x00000004   Code   RO         8402    .ARM.Collect$$_printf_percent$$00000017  c_w.l(_printf_percent_end.o)
    0x08000274   0x08000274   0x00000002   Code   RO         8496    .ARM.Collect$$libinit$$00000000  c_w.l(libinit.o)
    0x08000276   0x08000276   0x00000000   Code   RO         8510    .ARM.Collect$$libinit$$00000002  c_w.l(libinit2.o)
    0x08000276   0x08000276   0x00000000   Code   RO         8512    .ARM.Collect$$libinit$$00000004  c_w.l(libinit2.o)
    0x08000276   0x08000276   0x00000000   Code   RO         8515    .ARM.Collect$$libinit$$0000000A  c_w.l(libinit2.o)
    0x08000276   0x08000276   0x00000000   Code   RO         8517    .ARM.Collect$$libinit$$0000000C  c_w.l(libinit2.o)
    0x08000276   0x08000276   0x00000000   Code   RO         8519    .ARM.Collect$$libinit$$0000000E  c_w.l(libinit2.o)
    0x08000276   0x08000276   0x00000006   Code   RO         8520    .ARM.Collect$$libinit$$0000000F  c_w.l(libinit2.o)
    0x0800027c   0x0800027c   0x00000000   Code   RO         8522    .ARM.Collect$$libinit$$00000011  c_w.l(libinit2.o)
    0x0800027c   0x0800027c   0x0000000c   Code   RO         8523    .ARM.Collect$$libinit$$00000012  c_w.l(libinit2.o)
    0x08000288   0x08000288   0x00000000   Code   RO         8524    .ARM.Collect$$libinit$$00000013  c_w.l(libinit2.o)
    0x08000288   0x08000288   0x00000000   Code   RO         8526    .ARM.Collect$$libinit$$00000015  c_w.l(libinit2.o)
    0x08000288   0x08000288   0x0000000a   Code   RO         8527    .ARM.Collect$$libinit$$00000016  c_w.l(libinit2.o)
    0x08000292   0x08000292   0x00000000   Code   RO         8528    .ARM.Collect$$libinit$$00000017  c_w.l(libinit2.o)
    0x08000292   0x08000292   0x00000000   Code   RO         8530    .ARM.Collect$$libinit$$00000019  c_w.l(libinit2.o)
    0x08000292   0x08000292   0x00000000   Code   RO         8532    .ARM.Collect$$libinit$$0000001B  c_w.l(libinit2.o)
    0x08000292   0x08000292   0x00000000   Code   RO         8534    .ARM.Collect$$libinit$$0000001D  c_w.l(libinit2.o)
    0x08000292   0x08000292   0x00000000   Code   RO         8536    .ARM.Collect$$libinit$$0000001F  c_w.l(libinit2.o)
    0x08000292   0x08000292   0x00000000   Code   RO         8538    .ARM.Collect$$libinit$$00000021  c_w.l(libinit2.o)
    0x08000292   0x08000292   0x00000000   Code   RO         8540    .ARM.Collect$$libinit$$00000023  c_w.l(libinit2.o)
    0x08000292   0x08000292   0x00000000   Code   RO         8542    .ARM.Collect$$libinit$$00000025  c_w.l(libinit2.o)
    0x08000292   0x08000292   0x00000000   Code   RO         8546    .ARM.Collect$$libinit$$0000002C  c_w.l(libinit2.o)
    0x08000292   0x08000292   0x00000000   Code   RO         8548    .ARM.Collect$$libinit$$0000002E  c_w.l(libinit2.o)
    0x08000292   0x08000292   0x00000000   Code   RO         8550    .ARM.Collect$$libinit$$00000030  c_w.l(libinit2.o)
    0x08000292   0x08000292   0x00000000   Code   RO         8552    .ARM.Collect$$libinit$$00000032  c_w.l(libinit2.o)
    0x08000292   0x08000292   0x00000002   Code   RO         8553    .ARM.Collect$$libinit$$00000033  c_w.l(libinit2.o)
    0x08000294   0x08000294   0x00000002   Code   RO         8571    .ARM.Collect$$libshutdown$$00000000  c_w.l(libshutdown.o)
    0x08000296   0x08000296   0x00000000   Code   RO         8581    .ARM.Collect$$libshutdown$$00000002  c_w.l(libshutdown2.o)
    0x08000296   0x08000296   0x00000000   Code   RO         8583    .ARM.Collect$$libshutdown$$00000004  c_w.l(libshutdown2.o)
    0x08000296   0x08000296   0x00000000   Code   RO         8585    .ARM.Collect$$libshutdown$$00000006  c_w.l(libshutdown2.o)
    0x08000296   0x08000296   0x00000000   Code   RO         8588    .ARM.Collect$$libshutdown$$00000009  c_w.l(libshutdown2.o)
    0x08000296   0x08000296   0x00000000   Code   RO         8591    .ARM.Collect$$libshutdown$$0000000C  c_w.l(libshutdown2.o)
    0x08000296   0x08000296   0x00000000   Code   RO         8593    .ARM.Collect$$libshutdown$$0000000E  c_w.l(libshutdown2.o)
    0x08000296   0x08000296   0x00000000   Code   RO         8596    .ARM.Collect$$libshutdown$$00000011  c_w.l(libshutdown2.o)
    0x08000296   0x08000296   0x00000002   Code   RO         8597    .ARM.Collect$$libshutdown$$00000012  c_w.l(libshutdown2.o)
    0x08000298   0x08000298   0x00000000   Code   RO         8383    .ARM.Collect$$rtentry$$00000000  c_w.l(__rtentry.o)
    0x08000298   0x08000298   0x00000000   Code   RO         8424    .ARM.Collect$$rtentry$$00000002  c_w.l(__rtentry2.o)
    0x08000298   0x08000298   0x00000006   Code   RO         8436    .ARM.Collect$$rtentry$$00000004  c_w.l(__rtentry4.o)
    0x0800029e   0x0800029e   0x00000000   Code   RO         8426    .ARM.Collect$$rtentry$$00000009  c_w.l(__rtentry2.o)
    0x0800029e   0x0800029e   0x00000004   Code   RO         8427    .ARM.Collect$$rtentry$$0000000A  c_w.l(__rtentry2.o)
    0x080002a2   0x080002a2   0x00000000   Code   RO         8429    .ARM.Collect$$rtentry$$0000000C  c_w.l(__rtentry2.o)
    0x080002a2   0x080002a2   0x00000008   Code   RO         8430    .ARM.Collect$$rtentry$$0000000D  c_w.l(__rtentry2.o)
    0x080002aa   0x080002aa   0x00000002   Code   RO         8505    .ARM.Collect$$rtexit$$00000000  c_w.l(rtexit.o)
    0x080002ac   0x080002ac   0x00000000   Code   RO         8555    .ARM.Collect$$rtexit$$00000002  c_w.l(rtexit2.o)
    0x080002ac   0x080002ac   0x00000004   Code   RO         8556    .ARM.Collect$$rtexit$$00000003  c_w.l(rtexit2.o)
    0x080002b0   0x080002b0   0x00000006   Code   RO         8557    .ARM.Collect$$rtexit$$00000004  c_w.l(rtexit2.o)
    0x080002b6   0x080002b6   0x00000002   PAD
    0x080002b8   0x080002b8   0x00000010   Code   RO         2051    .emb_text           cm_backtrace.o
    0x080002c8   0x080002c8   0x00000096   Code   RO         7617    .emb_text           port.o
    0x0800035e   0x0800035e   0x00000002   PAD
    0x08000360   0x08000360   0x0000000c   Code   RO         2149    .text               cmb_fault.o
    0x0800036c   0x0800036c   0x00000040   Code   RO         2156    .text               startup_stm32f103xe.o
    0x080003ac   0x080003ac   0x00000002   Code   RO         8276    .text               c_w.l(use_no_semi_2.o)
    0x080003ae   0x080003ae   0x00000002   PAD
    0x080003b0   0x080003b0   0x00000024   Code   RO         8280    .text               c_w.l(vsprintf.o)
    0x080003d4   0x080003d4   0x00000018   Code   RO         8282    .text               c_w.l(__2printf.o)
    0x080003ec   0x080003ec   0x0000002c   Code   RO         8284    .text               c_w.l(__2sprintf.o)
    0x08000418   0x08000418   0x0000004e   Code   RO         8292    .text               c_w.l(_printf_pad.o)
    0x08000466   0x08000466   0x00000024   Code   RO         8294    .text               c_w.l(_printf_truncate.o)
    0x0800048a   0x0800048a   0x00000052   Code   RO         8296    .text               c_w.l(_printf_str.o)
    0x080004dc   0x080004dc   0x00000078   Code   RO         8298    .text               c_w.l(_printf_dec.o)
    0x08000554   0x08000554   0x00000028   Code   RO         8300    .text               c_w.l(_printf_charcount.o)
    0x0800057c   0x0800057c   0x000000bc   Code   RO         8302    .text               c_w.l(_printf_wctomb.o)
    0x08000638   0x08000638   0x00000070   Code   RO         8309    .text               c_w.l(_printf_oct_int_ll.o)
    0x080006a8   0x080006a8   0x00000094   Code   RO         8329    .text               c_w.l(_printf_hex_int_ll_ptr.o)
    0x0800073c   0x0800073c   0x00000188   Code   RO         8349    .text               c_w.l(__printf_flags_ss_wp.o)
    0x080008c4   0x080008c4   0x0000008a   Code   RO         8365    .text               c_w.l(rt_memcpy_v6.o)
    0x0800094e   0x0800094e   0x00000064   Code   RO         8367    .text               c_w.l(rt_memcpy_w.o)
    0x080009b2   0x080009b2   0x00000010   Code   RO         8371    .text               c_w.l(aeabi_memset.o)
    0x080009c2   0x080009c2   0x0000004e   Code   RO         8373    .text               c_w.l(rt_memclr_w.o)
    0x08000a10   0x08000a10   0x00000056   Code   RO         8375    .text               c_w.l(strncpy.o)
    0x08000a66   0x08000a66   0x00000006   Code   RO         8377    .text               c_w.l(heapauxi.o)
    0x08000a6c   0x08000a6c   0x00000002   Code   RO         8381    .text               c_w.l(use_no_semi.o)
    0x08000a6e   0x08000a6e   0x000000b2   Code   RO         8384    .text               c_w.l(_printf_intcommon.o)
    0x08000b20   0x08000b20   0x00000030   Code   RO         8386    .text               c_w.l(_printf_char_common.o)
    0x08000b50   0x08000b50   0x0000000a   Code   RO         8388    .text               c_w.l(_sputc.o)
    0x08000b5a   0x08000b5a   0x0000002c   Code   RO         8390    .text               c_w.l(_printf_char.o)
    0x08000b86   0x08000b86   0x00000002   PAD
    0x08000b88   0x08000b88   0x00000024   Code   RO         8392    .text               c_w.l(_printf_char_file.o)
    0x08000bac   0x08000bac   0x0000002c   Code   RO         8394    .text               c_w.l(_printf_wchar.o)
    0x08000bd8   0x08000bd8   0x0000007c   Code   RO         8396    .text               c_w.l(_printf_longlong_dec.o)
    0x08000c54   0x08000c54   0x00000040   Code   RO         8411    .text               c_w.l(_wcrtomb.o)
    0x08000c94   0x08000c94   0x00000044   Code   RO         8413    .text               c_w.l(rt_memclr.o)
    0x08000cd8   0x08000cd8   0x00000010   Code   RO         8438    .text               c_w.l(rt_ctype_table.o)
    0x08000ce8   0x08000ce8   0x0000008a   Code   RO         8440    .text               c_w.l(lludiv10.o)
    0x08000d72   0x08000d72   0x0000041e   Code   RO         8442    .text               c_w.l(_printf_fp_dec.o)
    0x08001190   0x08001190   0x000002fc   Code   RO         8444    .text               c_w.l(_printf_fp_hex.o)
    0x0800148c   0x0800148c   0x0000004a   Code   RO         8449    .text               c_w.l(sys_stackheap_outer.o)
    0x080014d6   0x080014d6   0x00000002   PAD
    0x080014d8   0x080014d8   0x00000008   Code   RO         8454    .text               c_w.l(rt_locale_intlibspace.o)
    0x080014e0   0x080014e0   0x00000080   Code   RO         8456    .text               c_w.l(_printf_fp_infnan.o)
    0x08001560   0x08001560   0x000000e4   Code   RO         8458    .text               c_w.l(bigflt0.o)
    0x08001644   0x08001644   0x00000012   Code   RO         8489    .text               c_w.l(exit.o)
    0x08001656   0x08001656   0x00000002   PAD
    0x08001658   0x08001658   0x00000008   Code   RO         8502    .text               c_w.l(libspace.o)
    0x08001660   0x08001660   0x00000080   Code   RO         8507    .text               c_w.l(strcmpv7m.o)
    0x080016e0   0x080016e0   0x0000003e   Code   RO         8461    CL$$btod_d2e        c_w.l(btod.o)
    0x0800171e   0x0800171e   0x00000046   Code   RO         8463    CL$$btod_d2e_denorm_low  c_w.l(btod.o)
    0x08001764   0x08001764   0x00000060   Code   RO         8462    CL$$btod_d2e_norm_op1  c_w.l(btod.o)
    0x080017c4   0x080017c4   0x00000338   Code   RO         8471    CL$$btod_div_common  c_w.l(btod.o)
    0x08001afc   0x08001afc   0x000000dc   Code   RO         8468    CL$$btod_e2e        c_w.l(btod.o)
    0x08001bd8   0x08001bd8   0x0000002a   Code   RO         8465    CL$$btod_ediv       c_w.l(btod.o)
    0x08001c02   0x08001c02   0x0000002a   Code   RO         8464    CL$$btod_emul       c_w.l(btod.o)
    0x08001c2c   0x08001c2c   0x00000244   Code   RO         8470    CL$$btod_mult_common  c_w.l(btod.o)
    0x08001e70   0x08001e70   0x00000018   Code   RO         1403    i.BSP_PlatformIsDetected  fatfs_platform.o
    0x08001e88   0x08001e88   0x00000014   Code   RO         1245    i.BSP_SD_GetCardInfo  bsp_driver_sd.o
    0x08001e9c   0x08001e9c   0x00000018   Code   RO         1246    i.BSP_SD_GetCardState  bsp_driver_sd.o
    0x08001eb4   0x08001eb4   0x00000030   Code   RO         1248    i.BSP_SD_Init       bsp_driver_sd.o
    0x08001ee4   0x08001ee4   0x00000016   Code   RO         1249    i.BSP_SD_IsDetected  bsp_driver_sd.o
    0x08001efa   0x08001efa   0x00000002   PAD
    0x08001efc   0x08001efc   0x00000030   Code   RO         1250    i.BSP_SD_ReadBlocks  bsp_driver_sd.o
    0x08001f2c   0x08001f2c   0x00000030   Code   RO         1253    i.BSP_SD_WriteBlocks  bsp_driver_sd.o
    0x08001f5c   0x08001f5c   0x00000004   Code   RO         1836    i.BusFault_Handler  stm32f1xx_it.o
    0x08001f60   0x08001f60   0x00000048   Code   RO          957    i.CanVarInit        bsp_can_fifo103.o
    0x08001fa8   0x08001fa8   0x00000078   Code   RO          958    i.Can_Filter_Config  bsp_can_fifo103.o
    0x08002020   0x08002020   0x00000078   Code   RO          712    i.ComToUart         bsp_uart_fifo103.o
    0x08002098   0x08002098   0x00000002   Code   RO         1837    i.DebugMon_Handler  stm32f1xx_it.o
    0x0800209a   0x0800209a   0x00000002   PAD
    0x0800209c   0x0800209c   0x00000048   Code   RO          242    i.Error_Handler103  bsp103.o
    0x080020e4   0x080020e4   0x00000012   Code   RO         6209    i.FATFS_LinkDriver  ff_gen_drv.o
    0x080020f6   0x080020f6   0x00000002   PAD
    0x080020f8   0x080020f8   0x00000054   Code   RO         6210    i.FATFS_LinkDriverEx  ff_gen_drv.o
    0x0800214c   0x0800214c   0x00000034   Code   RO         1694    i.Get_SerialNum     usbd_desc.o
    0x08002180   0x08002180   0x0000002a   Code   RO         3659    i.HAL_CAN_ActivateNotification  stm32f1xx_hal_can.o
    0x080021aa   0x080021aa   0x0000010a   Code   RO         3661    i.HAL_CAN_ConfigFilter  stm32f1xx_hal_can.o
    0x080022b4   0x080022b4   0x0000002e   Code   RO         3662    i.HAL_CAN_DeInit    stm32f1xx_hal_can.o
    0x080022e2   0x080022e2   0x00000002   Code   RO          959    i.HAL_CAN_ErrorCallback  bsp_can_fifo103.o
    0x080022e4   0x080022e4   0x0000017a   Code   RO         3667    i.HAL_CAN_GetRxMessage  stm32f1xx_hal_can.o
    0x0800245e   0x0800245e   0x0000024e   Code   RO         3671    i.HAL_CAN_IRQHandler  stm32f1xx_hal_can.o
    0x080026ac   0x080026ac   0x00000174   Code   RO         3672    i.HAL_CAN_Init      stm32f1xx_hal_can.o
    0x08002820   0x08002820   0x00000030   Code   RO         1906    i.HAL_CAN_MspDeInit  stm32f1xx_hal_msp.o
    0x08002850   0x08002850   0x000000b0   Code   RO         1907    i.HAL_CAN_MspInit   stm32f1xx_hal_msp.o
    0x08002900   0x08002900   0x00000002   Code   RO          960    i.HAL_CAN_RxFifo0FullCallback  bsp_can_fifo103.o
    0x08002902   0x08002902   0x00000002   Code   RO          961    i.HAL_CAN_RxFifo0MsgPendingCallback  bsp_can_fifo103.o
    0x08002904   0x08002904   0x00000002   Code   RO          962    i.HAL_CAN_RxFifo1FullCallback  bsp_can_fifo103.o
    0x08002906   0x08002906   0x00000002   Code   RO          963    i.HAL_CAN_RxFifo1MsgPendingCallback  bsp_can_fifo103.o
    0x08002908   0x08002908   0x00000002   Code   RO          964    i.HAL_CAN_SleepCallback  bsp_can_fifo103.o
    0x0800290a   0x0800290a   0x0000006a   Code   RO         3685    i.HAL_CAN_Stop      stm32f1xx_hal_can.o
    0x08002974   0x08002974   0x00000002   Code   RO          965    i.HAL_CAN_TxMailbox0AbortCallback  bsp_can_fifo103.o
    0x08002976   0x08002976   0x00000002   PAD
    0x08002978   0x08002978   0x00000128   Code   RO          966    i.HAL_CAN_TxMailbox0CompleteCallback  bsp_can_fifo103.o
    0x08002aa0   0x08002aa0   0x00000002   Code   RO          967    i.HAL_CAN_TxMailbox1AbortCallback  bsp_can_fifo103.o
    0x08002aa2   0x08002aa2   0x00000002   Code   RO          968    i.HAL_CAN_TxMailbox1CompleteCallback  bsp_can_fifo103.o
    0x08002aa4   0x08002aa4   0x00000002   Code   RO          969    i.HAL_CAN_TxMailbox2AbortCallback  bsp_can_fifo103.o
    0x08002aa6   0x08002aa6   0x00000002   Code   RO          970    i.HAL_CAN_TxMailbox2CompleteCallback  bsp_can_fifo103.o
    0x08002aa8   0x08002aa8   0x00000002   Code   RO          971    i.HAL_CAN_WakeUpFromRxMsgCallback  bsp_can_fifo103.o
    0x08002aaa   0x08002aaa   0x00000002   PAD
    0x08002aac   0x08002aac   0x00000028   Code   RO         2659    i.HAL_Delay         stm32f1xx_hal.o
    0x08002ad4   0x08002ad4   0x00000154   Code   RO         2969    i.HAL_GPIO_DeInit   stm32f1xx_hal_gpio.o
    0x08002c28   0x08002c28   0x00000340   Code   RO         2972    i.HAL_GPIO_Init     stm32f1xx_hal_gpio.o
    0x08002f68   0x08002f68   0x00000010   Code   RO         2974    i.HAL_GPIO_ReadPin  stm32f1xx_hal_gpio.o
    0x08002f78   0x08002f78   0x0000000c   Code   RO         2976    i.HAL_GPIO_WritePin  stm32f1xx_hal_gpio.o
    0x08002f84   0x08002f84   0x0000000c   Code   RO         2663    i.HAL_GetTick       stm32f1xx_hal.o
    0x08002f90   0x08002f90   0x00000018   Code   RO         2669    i.HAL_IncTick       stm32f1xx_hal.o
    0x08002fa8   0x08002fa8   0x00000028   Code   RO         2670    i.HAL_Init          stm32f1xx_hal.o
    0x08002fd0   0x08002fd0   0x00000088   Code   RO         1978    i.HAL_InitTick      stm32f1xx_hal_timebase_tim.o
    0x08003058   0x08003058   0x00000060   Code   RO         1908    i.HAL_MspInit       stm32f1xx_hal_msp.o
    0x080030b8   0x080030b8   0x00000020   Code   RO         3132    i.HAL_NVIC_EnableIRQ  stm32f1xx_hal_cortex.o
    0x080030d8   0x080030d8   0x0000007c   Code   RO         3138    i.HAL_NVIC_SetPriority  stm32f1xx_hal_cortex.o
    0x08003154   0x08003154   0x00000028   Code   RO         3139    i.HAL_NVIC_SetPriorityGrouping  stm32f1xx_hal_cortex.o
    0x0800317c   0x0800317c   0x00000044   Code   RO         2432    i.HAL_PCDEx_PMAConfig  stm32f1xx_hal_pcd_ex.o
    0x080031c0   0x080031c0   0x00000002   Code   RO         1482    i.HAL_PCDEx_SetConnectionState  usbd_conf.o
    0x080031c2   0x080031c2   0x00000020   Code   RO         1484    i.HAL_PCD_DataInStageCallback  usbd_conf.o
    0x080031e2   0x080031e2   0x00000020   Code   RO         1485    i.HAL_PCD_DataOutStageCallback  usbd_conf.o
    0x08003202   0x08003202   0x0000006a   Code   RO         2208    i.HAL_PCD_EP_Close  stm32f1xx_hal_pcd.o
    0x0800326c   0x0800326c   0x0000007c   Code   RO         2209    i.HAL_PCD_EP_ClrStall  stm32f1xx_hal_pcd.o
    0x080032e8   0x080032e8   0x00000158   Code   RO         2210    i.HAL_PCD_EP_DB_Receive  stm32f1xx_hal_pcd.o
    0x08003440   0x08003440   0x00000528   Code   RO         2211    i.HAL_PCD_EP_DB_Transmit  stm32f1xx_hal_pcd.o
    0x08003968   0x08003968   0x00000044   Code   RO         2212    i.HAL_PCD_EP_Flush  stm32f1xx_hal_pcd.o
    0x080039ac   0x080039ac   0x00000016   Code   RO         2213    i.HAL_PCD_EP_GetRxCount  stm32f1xx_hal_pcd.o
    0x080039c2   0x080039c2   0x0000008c   Code   RO         2214    i.HAL_PCD_EP_Open   stm32f1xx_hal_pcd.o
    0x08003a4e   0x08003a4e   0x0000004c   Code   RO         2215    i.HAL_PCD_EP_Receive  stm32f1xx_hal_pcd.o
    0x08003a9a   0x08003a9a   0x00000088   Code   RO         2216    i.HAL_PCD_EP_SetStall  stm32f1xx_hal_pcd.o
    0x08003b22   0x08003b22   0x00000056   Code   RO         2217    i.HAL_PCD_EP_Transmit  stm32f1xx_hal_pcd.o
    0x08003b78   0x08003b78   0x000001e2   Code   RO         2219    i.HAL_PCD_IRQHandler  stm32f1xx_hal_pcd.o
    0x08003d5a   0x08003d5a   0x00000158   Code   RO         2222    i.HAL_PCD_Init      stm32f1xx_hal_pcd.o
    0x08003eb2   0x08003eb2   0x00000002   PAD
    0x08003eb4   0x08003eb4   0x00000044   Code   RO         1490    i.HAL_PCD_MspInit   usbd_conf.o
    0x08003ef8   0x08003ef8   0x0000003c   Code   RO         1491    i.HAL_PCD_ResetCallback  usbd_conf.o
    0x08003f34   0x08003f34   0x0000000e   Code   RO         1492    i.HAL_PCD_ResumeCallback  usbd_conf.o
    0x08003f42   0x08003f42   0x0000000e   Code   RO         1493    i.HAL_PCD_SOFCallback  usbd_conf.o
    0x08003f50   0x08003f50   0x00000036   Code   RO         2228    i.HAL_PCD_SetAddress  stm32f1xx_hal_pcd.o
    0x08003f86   0x08003f86   0x00000012   Code   RO         1494    i.HAL_PCD_SetupStageCallback  usbd_conf.o
    0x08003f98   0x08003f98   0x0000003c   Code   RO         2230    i.HAL_PCD_Start     stm32f1xx_hal_pcd.o
    0x08003fd4   0x08003fd4   0x00000024   Code   RO         1495    i.HAL_PCD_SuspendCallback  usbd_conf.o
    0x08003ff8   0x08003ff8   0x00000130   Code   RO         2935    i.HAL_RCCEx_PeriphCLKConfig  stm32f1xx_hal_rcc_ex.o
    0x08004128   0x08004128   0x0000018c   Code   RO         2827    i.HAL_RCC_ClockConfig  stm32f1xx_hal_rcc.o
    0x080042b4   0x080042b4   0x00000044   Code   RO         2831    i.HAL_RCC_GetClockConfig  stm32f1xx_hal_rcc.o
    0x080042f8   0x080042f8   0x0000000c   Code   RO         2832    i.HAL_RCC_GetHCLKFreq  stm32f1xx_hal_rcc.o
    0x08004304   0x08004304   0x00000020   Code   RO         2834    i.HAL_RCC_GetPCLK1Freq  stm32f1xx_hal_rcc.o
    0x08004324   0x08004324   0x00000020   Code   RO         2835    i.HAL_RCC_GetPCLK2Freq  stm32f1xx_hal_rcc.o
    0x08004344   0x08004344   0x00000094   Code   RO         2836    i.HAL_RCC_GetSysClockFreq  stm32f1xx_hal_rcc.o
    0x080043d8   0x080043d8   0x00000464   Code   RO         2839    i.HAL_RCC_OscConfig  stm32f1xx_hal_rcc.o
    0x0800483c   0x0800483c   0x000000c8   Code   RO         4177    i.HAL_SD_ConfigWideBusOperation  stm32f1xx_hal_sd.o
    0x08004904   0x08004904   0x000001c8   Code   RO         4182    i.HAL_SD_GetCardCSD  stm32f1xx_hal_sd.o
    0x08004acc   0x08004acc   0x00000026   Code   RO         4183    i.HAL_SD_GetCardInfo  stm32f1xx_hal_sd.o
    0x08004af2   0x08004af2   0x00000024   Code   RO         4184    i.HAL_SD_GetCardState  stm32f1xx_hal_sd.o
    0x08004b16   0x08004b16   0x00000008   Code   RO         4187    i.HAL_SD_GetState   stm32f1xx_hal_sd.o
    0x08004b1e   0x08004b1e   0x0000003c   Code   RO         4189    i.HAL_SD_Init       stm32f1xx_hal_sd.o
    0x08004b5a   0x08004b5a   0x00000002   PAD
    0x08004b5c   0x08004b5c   0x000000ac   Code   RO         4190    i.HAL_SD_InitCard   stm32f1xx_hal_sd.o
    0x08004c08   0x08004c08   0x000000a8   Code   RO         1910    i.HAL_SD_MspInit    stm32f1xx_hal_msp.o
    0x08004cb0   0x08004cb0   0x00000298   Code   RO         4193    i.HAL_SD_ReadBlocks  stm32f1xx_hal_sd.o
    0x08004f48   0x08004f48   0x00000230   Code   RO         4198    i.HAL_SD_WriteBlocks  stm32f1xx_hal_sd.o
    0x08005178   0x08005178   0x00000002   Code   RO         5146    i.HAL_TIMEx_BreakCallback  stm32f1xx_hal_tim_ex.o
    0x0800517a   0x0800517a   0x00000002   Code   RO         5147    i.HAL_TIMEx_CommutCallback  stm32f1xx_hal_tim_ex.o
    0x0800517c   0x0800517c   0x0000009c   Code   RO         5165    i.HAL_TIMEx_MasterConfigSynchronization  stm32f1xx_hal_tim_ex.o
    0x08005218   0x08005218   0x00000066   Code   RO         4431    i.HAL_TIM_Base_Init  stm32f1xx_hal_tim.o
    0x0800527e   0x0800527e   0x00000002   PAD
    0x08005280   0x08005280   0x00000040   Code   RO         1912    i.HAL_TIM_Base_MspInit  stm32f1xx_hal_msp.o
    0x080052c0   0x080052c0   0x00000090   Code   RO         4436    i.HAL_TIM_Base_Start_IT  stm32f1xx_hal_tim.o
    0x08005350   0x08005350   0x00000108   Code   RO         4440    i.HAL_TIM_ConfigClockSource  stm32f1xx_hal_tim.o
    0x08005458   0x08005458   0x00000002   Code   RO         4465    i.HAL_TIM_IC_CaptureCallback  stm32f1xx_hal_tim.o
    0x0800545a   0x0800545a   0x00000196   Code   RO         4479    i.HAL_TIM_IRQHandler  stm32f1xx_hal_tim.o
    0x080055f0   0x080055f0   0x00000002   Code   RO         4482    i.HAL_TIM_OC_DelayElapsedCallback  stm32f1xx_hal_tim.o
    0x080055f2   0x080055f2   0x00000002   Code   RO         4509    i.HAL_TIM_PWM_PulseFinishedCallback  stm32f1xx_hal_tim.o
    0x080055f4   0x080055f4   0x00000028   Code   RO         1091    i.HAL_TIM_PeriodElapsedCallback  main.o
    0x0800561c   0x0800561c   0x00000002   Code   RO         4522    i.HAL_TIM_TriggerCallback  stm32f1xx_hal_tim.o
    0x0800561e   0x0800561e   0x00000072   Code   RO         5442    i.HAL_UART_Init     stm32f1xx_hal_uart.o
    0x08005690   0x08005690   0x00000088   Code   RO         1914    i.HAL_UART_MspInit  stm32f1xx_hal_msp.o
    0x08005718   0x08005718   0x000000ac   Code   RO          713    i.InitHardUart      bsp_uart_fifo103.o
    0x080057c4   0x080057c4   0x0000003e   Code   RO         1695    i.IntToUnicode      usbd_desc.o
    0x08005802   0x08005802   0x00000042   Code   RO         8074    i.MSC_BOT_Abort     usbd_msc_bot.o
    0x08005844   0x08005844   0x000000dc   Code   RO         8075    i.MSC_BOT_CBW_Decode  usbd_msc_bot.o
    0x08005920   0x08005920   0x0000003c   Code   RO         8076    i.MSC_BOT_CplClrFeature  usbd_msc_bot.o
    0x0800595c   0x0800595c   0x0000004a   Code   RO         8077    i.MSC_BOT_DataIn    usbd_msc_bot.o
    0x080059a6   0x080059a6   0x00000040   Code   RO         8078    i.MSC_BOT_DataOut   usbd_msc_bot.o
    0x080059e6   0x080059e6   0x0000000a   Code   RO         8079    i.MSC_BOT_DeInit    usbd_msc_bot.o
    0x080059f0   0x080059f0   0x00000040   Code   RO         8080    i.MSC_BOT_Init      usbd_msc_bot.o
    0x08005a30   0x08005a30   0x00000020   Code   RO         8081    i.MSC_BOT_Reset     usbd_msc_bot.o
    0x08005a50   0x08005a50   0x0000003c   Code   RO         8082    i.MSC_BOT_SendCSW   usbd_msc_bot.o
    0x08005a8c   0x08005a8c   0x0000004e   Code   RO         8083    i.MSC_BOT_SendData  usbd_msc_bot.o
    0x08005ada   0x08005ada   0x00000002   PAD
    0x08005adc   0x08005adc   0x00000058   Code   RO         1092    i.MX_CAN_Init       main.o
    0x08005b34   0x08005b34   0x0000001c   Code   RO         1363    i.MX_FATFS_Init     fatfs.o
    0x08005b50   0x08005b50   0x000000d4   Code   RO         1093    i.MX_GPIO_Init      main.o
    0x08005c24   0x08005c24   0x0000005c   Code   RO         1094    i.MX_SDIO_SD_Init   main.o
    0x08005c80   0x08005c80   0x00000098   Code   RO         1095    i.MX_TIM2_Init      main.o
    0x08005d18   0x08005d18   0x00000070   Code   RO         1427    i.MX_USB_DEVICE_Init  usb_device.o
    0x08005d88   0x08005d88   0x00000004   Code   RO         1838    i.MemManage_Handler  stm32f1xx_it.o
    0x08005d8c   0x08005d8c   0x00000004   Code   RO         1839    i.NMI_Handler       stm32f1xx_it.o
    0x08005d90   0x08005d90   0x000003f2   Code   RO         2234    i.PCD_EP_ISR_Handler  stm32f1xx_hal_pcd.o
    0x08006182   0x08006182   0x00000002   PAD
    0x08006184   0x08006184   0x00000028   Code   RO         2840    i.RCC_Delay         stm32f1xx_hal_rcc.o
    0x080061ac   0x080061ac   0x00000032   Code   RO         8173    i.SCSI_CheckAddressRange  usbd_msc_scsi.o
    0x080061de   0x080061de   0x00000002   PAD
    0x080061e0   0x080061e0   0x00000064   Code   RO         8174    i.SCSI_Inquiry      usbd_msc_scsi.o
    0x08006244   0x08006244   0x0000002c   Code   RO         8175    i.SCSI_ModeSense10  usbd_msc_scsi.o
    0x08006270   0x08006270   0x0000002c   Code   RO         8176    i.SCSI_ModeSense6   usbd_msc_scsi.o
    0x0800629c   0x0800629c   0x000000ee   Code   RO         8177    i.SCSI_ProcessCmd   usbd_msc_scsi.o
    0x0800638a   0x0800638a   0x000000b0   Code   RO         8178    i.SCSI_ProcessRead  usbd_msc_scsi.o
    0x0800643a   0x0800643a   0x000000d8   Code   RO         8179    i.SCSI_ProcessWrite  usbd_msc_scsi.o
    0x08006512   0x08006512   0x000000d2   Code   RO         8180    i.SCSI_Read10       usbd_msc_scsi.o
    0x080065e4   0x080065e4   0x00000080   Code   RO         8181    i.SCSI_ReadCapacity10  usbd_msc_scsi.o
    0x08006664   0x08006664   0x0000008a   Code   RO         8182    i.SCSI_ReadFormatCapacity  usbd_msc_scsi.o
    0x080066ee   0x080066ee   0x00000086   Code   RO         8183    i.SCSI_RequestSense  usbd_msc_scsi.o
    0x08006774   0x08006774   0x00000040   Code   RO         8184    i.SCSI_SenseCode    usbd_msc_scsi.o
    0x080067b4   0x080067b4   0x00000010   Code   RO         8185    i.SCSI_StartStopUnit  usbd_msc_scsi.o
    0x080067c4   0x080067c4   0x00000056   Code   RO         8186    i.SCSI_TestUnitReady  usbd_msc_scsi.o
    0x0800681a   0x0800681a   0x0000004c   Code   RO         8187    i.SCSI_Verify10     usbd_msc_scsi.o
    0x08006866   0x08006866   0x00000112   Code   RO         8188    i.SCSI_Write10      usbd_msc_scsi.o
    0x08006978   0x08006978   0x0000002c   Code   RO         3892    i.SDIO_ConfigData   stm32f1xx_ll_sdmmc.o
    0x080069a4   0x080069a4   0x00000008   Code   RO         3893    i.SDIO_GetCommandResponse  stm32f1xx_ll_sdmmc.o
    0x080069ac   0x080069ac   0x0000000a   Code   RO         3896    i.SDIO_GetPowerState  stm32f1xx_ll_sdmmc.o
    0x080069b6   0x080069b6   0x0000000c   Code   RO         3897    i.SDIO_GetResponse  stm32f1xx_ll_sdmmc.o
    0x080069c2   0x080069c2   0x00000034   Code   RO         3898    i.SDIO_Init         stm32f1xx_ll_sdmmc.o
    0x080069f6   0x080069f6   0x00000012   Code   RO         3900    i.SDIO_PowerState_ON  stm32f1xx_ll_sdmmc.o
    0x08006a08   0x08006a08   0x00000008   Code   RO         3901    i.SDIO_ReadFIFO     stm32f1xx_ll_sdmmc.o
    0x08006a10   0x08006a10   0x00000028   Code   RO         3902    i.SDIO_SendCommand  stm32f1xx_ll_sdmmc.o
    0x08006a38   0x08006a38   0x0000000c   Code   RO         3904    i.SDIO_WriteFIFO    stm32f1xx_ll_sdmmc.o
    0x08006a44   0x08006a44   0x00000038   Code   RO         3905    i.SDMMC_CmdAppCommand  stm32f1xx_ll_sdmmc.o
    0x08006a7c   0x08006a7c   0x0000003c   Code   RO         3906    i.SDMMC_CmdAppOperCommand  stm32f1xx_ll_sdmmc.o
    0x08006ab8   0x08006ab8   0x00000038   Code   RO         3907    i.SDMMC_CmdBlockLength  stm32f1xx_ll_sdmmc.o
    0x08006af0   0x08006af0   0x00000038   Code   RO         3908    i.SDMMC_CmdBusWidth  stm32f1xx_ll_sdmmc.o
    0x08006b28   0x08006b28   0x0000002c   Code   RO         3912    i.SDMMC_CmdGoIdleState  stm32f1xx_ll_sdmmc.o
    0x08006b54   0x08006b54   0x00000034   Code   RO         3914    i.SDMMC_CmdOperCond  stm32f1xx_ll_sdmmc.o
    0x08006b88   0x08006b88   0x00000038   Code   RO         3915    i.SDMMC_CmdReadMultiBlock  stm32f1xx_ll_sdmmc.o
    0x08006bc0   0x08006bc0   0x00000038   Code   RO         3916    i.SDMMC_CmdReadSingleBlock  stm32f1xx_ll_sdmmc.o
    0x08006bf8   0x08006bf8   0x0000003a   Code   RO         3919    i.SDMMC_CmdSelDesel  stm32f1xx_ll_sdmmc.o
    0x08006c32   0x08006c32   0x00000032   Code   RO         3920    i.SDMMC_CmdSendCID  stm32f1xx_ll_sdmmc.o
    0x08006c64   0x08006c64   0x00000032   Code   RO         3921    i.SDMMC_CmdSendCSD  stm32f1xx_ll_sdmmc.o
    0x08006c96   0x08006c96   0x00000038   Code   RO         3923    i.SDMMC_CmdSendSCR  stm32f1xx_ll_sdmmc.o
    0x08006cce   0x08006cce   0x00000038   Code   RO         3924    i.SDMMC_CmdSendStatus  stm32f1xx_ll_sdmmc.o
    0x08006d06   0x08006d06   0x00000038   Code   RO         3925    i.SDMMC_CmdSetRelAdd  stm32f1xx_ll_sdmmc.o
    0x08006d3e   0x08006d3e   0x00000002   PAD
    0x08006d40   0x08006d40   0x0000003c   Code   RO         3927    i.SDMMC_CmdStopTransfer  stm32f1xx_ll_sdmmc.o
    0x08006d7c   0x08006d7c   0x00000038   Code   RO         3929    i.SDMMC_CmdWriteMultiBlock  stm32f1xx_ll_sdmmc.o
    0x08006db4   0x08006db4   0x00000038   Code   RO         3930    i.SDMMC_CmdWriteSingleBlock  stm32f1xx_ll_sdmmc.o
    0x08006dec   0x08006dec   0x00000040   Code   RO         3931    i.SDMMC_GetCmdError  stm32f1xx_ll_sdmmc.o
    0x08006e2c   0x08006e2c   0x000001ac   Code   RO         3932    i.SDMMC_GetCmdResp1  stm32f1xx_ll_sdmmc.o
    0x08006fd8   0x08006fd8   0x00000064   Code   RO         3933    i.SDMMC_GetCmdResp2  stm32f1xx_ll_sdmmc.o
    0x0800703c   0x0800703c   0x00000058   Code   RO         3934    i.SDMMC_GetCmdResp3  stm32f1xx_ll_sdmmc.o
    0x08007094   0x08007094   0x000000b8   Code   RO         3935    i.SDMMC_GetCmdResp6  stm32f1xx_ll_sdmmc.o
    0x0800714c   0x0800714c   0x0000006c   Code   RO         3936    i.SDMMC_GetCmdResp7  stm32f1xx_ll_sdmmc.o
    0x080071b8   0x080071b8   0x00000142   Code   RO         4206    i.SD_FindSCR        stm32f1xx_hal_sd.o
    0x080072fa   0x080072fa   0x00000102   Code   RO         4207    i.SD_InitCard       stm32f1xx_hal_sd.o
    0x080073fc   0x080073fc   0x000000cc   Code   RO         4209    i.SD_PowerON        stm32f1xx_hal_sd.o
    0x080074c8   0x080074c8   0x00000030   Code   RO         4212    i.SD_SendStatus     stm32f1xx_hal_sd.o
    0x080074f8   0x080074f8   0x00000068   Code   RO         4213    i.SD_WideBus_Disable  stm32f1xx_hal_sd.o
    0x08007560   0x08007560   0x00000068   Code   RO         4214    i.SD_WideBus_Enable  stm32f1xx_hal_sd.o
    0x080075c8   0x080075c8   0x00000028   Code   RO         6345    i.SD_initialize     sd_diskio.o
    0x080075f0   0x080075f0   0x00000068   Code   RO         6346    i.SD_ioctl          sd_diskio.o
    0x08007658   0x08007658   0x00000048   Code   RO         6347    i.SD_read           sd_diskio.o
    0x080076a0   0x080076a0   0x00000028   Code   RO         6348    i.SD_status         sd_diskio.o
    0x080076c8   0x080076c8   0x00000048   Code   RO         6349    i.SD_write          sd_diskio.o
    0x08007710   0x08007710   0x00000018   Code   RO         1775    i.STORAGE_GetCapacity_FS  usbd_storage_if.o
    0x08007728   0x08007728   0x00000004   Code   RO         1776    i.STORAGE_GetMaxLun_FS  usbd_storage_if.o
    0x0800772c   0x0800772c   0x00000006   Code   RO         1777    i.STORAGE_Init_FS   usbd_storage_if.o
    0x08007732   0x08007732   0x00000002   PAD
    0x08007734   0x08007734   0x00000020   Code   RO         1778    i.STORAGE_IsReady_FS  usbd_storage_if.o
    0x08007754   0x08007754   0x00000006   Code   RO         1779    i.STORAGE_IsWriteProtected_FS  usbd_storage_if.o
    0x0800775a   0x0800775a   0x00000002   PAD
    0x0800775c   0x0800775c   0x0000002c   Code   RO         1780    i.STORAGE_Read_FS   usbd_storage_if.o
    0x08007788   0x08007788   0x0000002c   Code   RO         1781    i.STORAGE_Write_FS  usbd_storage_if.o
    0x080077b4   0x080077b4   0x00000024   Code   RO         1096    i.StartTaskEnter    main.o
    0x080077d8   0x080077d8   0x00000084   Code   RO         1097    i.StatusTaskEnter   main.o
    0x0800785c   0x0800785c   0x00000010   Code   RO          243    i.SysTick_Handler   bsp103.o
    0x0800786c   0x0800786c   0x000000a4   Code   RO         1098    i.SystemClock_Config  main.o
    0x08007910   0x08007910   0x00000002   Code   RO         2018    i.SystemInit        system_stm32f1xx.o
    0x08007912   0x08007912   0x00000002   PAD
    0x08007914   0x08007914   0x00000010   Code   RO         1840    i.TIM1_UP_IRQHandler  stm32f1xx_it.o
    0x08007924   0x08007924   0x00000010   Code   RO         1841    i.TIM2_IRQHandler   stm32f1xx_it.o
    0x08007934   0x08007934   0x0000009c   Code   RO         4524    i.TIM_Base_SetConfig  stm32f1xx_hal_tim.o
    0x080079d0   0x080079d0   0x00000016   Code   RO         4535    i.TIM_ETR_SetConfig  stm32f1xx_hal_tim.o
    0x080079e6   0x080079e6   0x00000012   Code   RO         4536    i.TIM_ITRx_SetConfig  stm32f1xx_hal_tim.o
    0x080079f8   0x080079f8   0x00000026   Code   RO         4542    i.TIM_TI1_ConfigInputStage  stm32f1xx_hal_tim.o
    0x08007a1e   0x08007a1e   0x00000028   Code   RO         4544    i.TIM_TI2_ConfigInputStage  stm32f1xx_hal_tim.o
    0x08007a46   0x08007a46   0x00000002   PAD
    0x08007a48   0x08007a48   0x000000fc   Code   RO         5469    i.UART_SetConfig    stm32f1xx_hal_uart.o
    0x08007b44   0x08007b44   0x00000010   Code   RO          721    i.USART1_IRQHandler  bsp_uart_fifo103.o
    0x08007b54   0x08007b54   0x0000005c   Code   RO          722    i.USART_Printf      bsp_uart_fifo103.o
    0x08007bb0   0x08007bb0   0x00000016   Code   RO         7697    i.USBD_ClrClassConfig  usbd_core.o
    0x08007bc6   0x08007bc6   0x0000003e   Code   RO         7835    i.USBD_ClrFeature   usbd_ctlreq.o
    0x08007c04   0x08007c04   0x00000018   Code   RO         7930    i.USBD_CtlContinueRx  usbd_ioreq.o
    0x08007c1c   0x08007c1c   0x00000018   Code   RO         7931    i.USBD_CtlContinueSendData  usbd_ioreq.o
    0x08007c34   0x08007c34   0x00000018   Code   RO         7836    i.USBD_CtlError     usbd_ctlreq.o
    0x08007c4c   0x08007c4c   0x0000001a   Code   RO         7933    i.USBD_CtlReceiveStatus  usbd_ioreq.o
    0x08007c66   0x08007c66   0x00000022   Code   RO         7934    i.USBD_CtlSendData  usbd_ioreq.o
    0x08007c88   0x08007c88   0x0000001a   Code   RO         7935    i.USBD_CtlSendStatus  usbd_ioreq.o
    0x08007ca2   0x08007ca2   0x00000002   PAD
    0x08007ca4   0x08007ca4   0x00000034   Code   RO         1696    i.USBD_FS_ConfigStrDescriptor  usbd_desc.o
    0x08007cd8   0x08007cd8   0x00000010   Code   RO         1697    i.USBD_FS_DeviceDescriptor  usbd_desc.o
    0x08007ce8   0x08007ce8   0x00000038   Code   RO         1698    i.USBD_FS_InterfaceStrDescriptor  usbd_desc.o
    0x08007d20   0x08007d20   0x00000010   Code   RO         1699    i.USBD_FS_LangIDStrDescriptor  usbd_desc.o
    0x08007d30   0x08007d30   0x0000002c   Code   RO         1700    i.USBD_FS_ManufacturerStrDescriptor  usbd_desc.o
    0x08007d5c   0x08007d5c   0x0000003c   Code   RO         1701    i.USBD_FS_ProductStrDescriptor  usbd_desc.o
    0x08007d98   0x08007d98   0x00000018   Code   RO         1702    i.USBD_FS_SerialStrDescriptor  usbd_desc.o
    0x08007db0   0x08007db0   0x00000056   Code   RO         7837    i.USBD_GetConfig    usbd_ctlreq.o
    0x08007e06   0x08007e06   0x000001f4   Code   RO         7838    i.USBD_GetDescriptor  usbd_ctlreq.o
    0x08007ffa   0x08007ffa   0x00000014   Code   RO         7839    i.USBD_GetLen       usbd_ctlreq.o
    0x0800800e   0x0800800e   0x0000005a   Code   RO         7840    i.USBD_GetStatus    usbd_ctlreq.o
    0x08008068   0x08008068   0x00000052   Code   RO         7841    i.USBD_GetString    usbd_ctlreq.o
    0x080080ba   0x080080ba   0x0000002c   Code   RO         1496    i.USBD_Get_USB_Status  usbd_conf.o
    0x080080e6   0x080080e6   0x00000002   PAD
    0x080080e8   0x080080e8   0x00000068   Code   RO         7699    i.USBD_Init         usbd_core.o
    0x08008150   0x08008150   0x00000026   Code   RO         1497    i.USBD_LL_ClearStallEP  usbd_conf.o
    0x08008176   0x08008176   0x00000026   Code   RO         1498    i.USBD_LL_CloseEP   usbd_conf.o
    0x0800819c   0x0800819c   0x00000100   Code   RO         7700    i.USBD_LL_DataInStage  usbd_core.o
    0x0800829c   0x0800829c   0x000000a6   Code   RO         7701    i.USBD_LL_DataOutStage  usbd_core.o
    0x08008342   0x08008342   0x00000026   Code   RO         1501    i.USBD_LL_FlushEP   usbd_conf.o
    0x08008368   0x08008368   0x00000012   Code   RO         1502    i.USBD_LL_GetRxDataSize  usbd_conf.o
    0x0800837a   0x0800837a   0x00000002   PAD
    0x0800837c   0x0800837c   0x00000090   Code   RO         1503    i.USBD_LL_Init      usbd_conf.o
    0x0800840c   0x0800840c   0x00000038   Code   RO         1504    i.USBD_LL_IsStallEP  usbd_conf.o
    0x08008444   0x08008444   0x00000030   Code   RO         1505    i.USBD_LL_OpenEP    usbd_conf.o
    0x08008474   0x08008474   0x00000030   Code   RO         1506    i.USBD_LL_PrepareReceive  usbd_conf.o
    0x080084a4   0x080084a4   0x0000005c   Code   RO         7706    i.USBD_LL_Reset     usbd_core.o
    0x08008500   0x08008500   0x00000016   Code   RO         7707    i.USBD_LL_Resume    usbd_core.o
    0x08008516   0x08008516   0x00000022   Code   RO         7708    i.USBD_LL_SOF       usbd_core.o
    0x08008538   0x08008538   0x00000008   Code   RO         7709    i.USBD_LL_SetSpeed  usbd_core.o
    0x08008540   0x08008540   0x00000026   Code   RO         1507    i.USBD_LL_SetUSBAddress  usbd_conf.o
    0x08008566   0x08008566   0x0000006e   Code   RO         7710    i.USBD_LL_SetupStage  usbd_core.o
    0x080085d4   0x080085d4   0x00000026   Code   RO         1508    i.USBD_LL_StallEP   usbd_conf.o
    0x080085fa   0x080085fa   0x0000001e   Code   RO         1509    i.USBD_LL_Start     usbd_conf.o
    0x08008618   0x08008618   0x00000014   Code   RO         7711    i.USBD_LL_Suspend   usbd_core.o
    0x0800862c   0x0800862c   0x00000030   Code   RO         1511    i.USBD_LL_Transmit  usbd_conf.o
    0x0800865c   0x0800865c   0x00000012   Code   RO         7990    i.USBD_MSC_DataIn   usbd_msc.o
    0x0800866e   0x0800866e   0x00000012   Code   RO         7991    i.USBD_MSC_DataOut  usbd_msc.o
    0x08008680   0x08008680   0x0000003e   Code   RO         7992    i.USBD_MSC_DeInit   usbd_msc.o
    0x080086be   0x080086be   0x00000002   PAD
    0x080086c0   0x080086c0   0x00000010   Code   RO         7993    i.USBD_MSC_GetDeviceQualifierDescriptor  usbd_msc.o
    0x080086d0   0x080086d0   0x00000010   Code   RO         7994    i.USBD_MSC_GetFSCfgDesc  usbd_msc.o
    0x080086e0   0x080086e0   0x00000010   Code   RO         7995    i.USBD_MSC_GetHSCfgDesc  usbd_msc.o
    0x080086f0   0x080086f0   0x00000010   Code   RO         7996    i.USBD_MSC_GetOtherSpeedCfgDesc  usbd_msc.o
    0x08008700   0x08008700   0x00000072   Code   RO         7997    i.USBD_MSC_Init     usbd_msc.o
    0x08008772   0x08008772   0x0000000c   Code   RO         7998    i.USBD_MSC_RegisterStorage  usbd_msc.o
    0x0800877e   0x0800877e   0x000001c4   Code   RO         7999    i.USBD_MSC_Setup    usbd_msc.o
    0x08008942   0x08008942   0x00000028   Code   RO         7842    i.USBD_ParseSetupRequest  usbd_ctlreq.o
    0x0800896a   0x0800896a   0x00000002   PAD
    0x0800896c   0x0800896c   0x0000004c   Code   RO         7712    i.USBD_RegisterClass  usbd_core.o
    0x080089b8   0x080089b8   0x00000006   Code   RO         7713    i.USBD_RunTestMode  usbd_core.o
    0x080089be   0x080089be   0x0000005a   Code   RO         7843    i.USBD_SetAddress   usbd_ctlreq.o
    0x08008a18   0x08008a18   0x00000022   Code   RO         7714    i.USBD_SetClassConfig  usbd_core.o
    0x08008a3a   0x08008a3a   0x00000002   PAD
    0x08008a3c   0x08008a3c   0x000000e8   Code   RO         7844    i.USBD_SetConfig    usbd_ctlreq.o
    0x08008b24   0x08008b24   0x00000018   Code   RO         7845    i.USBD_SetFeature   usbd_ctlreq.o
    0x08008b3c   0x08008b3c   0x0000000e   Code   RO         7715    i.USBD_Start        usbd_core.o
    0x08008b4a   0x08008b4a   0x000000a2   Code   RO         7846    i.USBD_StdDevReq    usbd_ctlreq.o
    0x08008bec   0x08008bec   0x00000238   Code   RO         7847    i.USBD_StdEPReq     usbd_ctlreq.o
    0x08008e24   0x08008e24   0x0000007e   Code   RO         7848    i.USBD_StdItfReq    usbd_ctlreq.o
    0x08008ea2   0x08008ea2   0x00000002   Code   RO         1512    i.USBD_static_free  usbd_conf.o
    0x08008ea4   0x08008ea4   0x0000000c   Code   RO         1513    i.USBD_static_malloc  usbd_conf.o
    0x08008eb0   0x08008eb0   0x0000044c   Code   RO         2472    i.USB_ActivateEndpoint  stm32f1xx_ll_usb.o
    0x080092fc   0x080092fc   0x00000008   Code   RO         2475    i.USB_CoreInit      stm32f1xx_ll_usb.o
    0x08009304   0x08009304   0x0000027c   Code   RO         2477    i.USB_DeactivateEndpoint  stm32f1xx_ll_usb.o
    0x08009580   0x08009580   0x00000006   Code   RO         2478    i.USB_DevConnect    stm32f1xx_ll_usb.o
    0x08009586   0x08009586   0x00000006   Code   RO         2479    i.USB_DevDisconnect  stm32f1xx_ll_usb.o
    0x0800958c   0x0800958c   0x00000016   Code   RO         2480    i.USB_DevInit       stm32f1xx_ll_usb.o
    0x080095a2   0x080095a2   0x00000014   Code   RO         2481    i.USB_DisableGlobalInt  stm32f1xx_ll_usb.o
    0x080095b6   0x080095b6   0x00000006   Code   RO         2482    i.USB_EP0_OutStart  stm32f1xx_ll_usb.o
    0x080095bc   0x080095bc   0x000000da   Code   RO         2483    i.USB_EPClearStall  stm32f1xx_ll_usb.o
    0x08009696   0x08009696   0x0000005c   Code   RO         2484    i.USB_EPSetStall    stm32f1xx_ll_usb.o
    0x080096f2   0x080096f2   0x00000b8a   Code   RO         2485    i.USB_EPStartXfer   stm32f1xx_ll_usb.o
    0x0800a27c   0x0800a27c   0x00000012   Code   RO         2486    i.USB_EnableGlobalInt  stm32f1xx_ll_usb.o
    0x0800a28e   0x0800a28e   0x00000006   Code   RO         2487    i.USB_FlushRxFifo   stm32f1xx_ll_usb.o
    0x0800a294   0x0800a294   0x00000006   Code   RO         2488    i.USB_FlushTxFifo   stm32f1xx_ll_usb.o
    0x0800a29a   0x0800a29a   0x00000002   PAD
    0x0800a29c   0x0800a29c   0x00000028   Code   RO         1842    i.USB_LP_CAN1_RX0_IRQHandler  stm32f1xx_it.o
    0x0800a2c4   0x0800a2c4   0x00000008   Code   RO         2493    i.USB_ReadInterrupts  stm32f1xx_ll_usb.o
    0x0800a2cc   0x0800a2cc   0x0000004a   Code   RO         2494    i.USB_ReadPMA       stm32f1xx_ll_usb.o
    0x0800a316   0x0800a316   0x00000006   Code   RO         2495    i.USB_SetCurrentMode  stm32f1xx_ll_usb.o
    0x0800a31c   0x0800a31c   0x0000000e   Code   RO         2496    i.USB_SetDevAddress  stm32f1xx_ll_usb.o
    0x0800a32a   0x0800a32a   0x00000042   Code   RO         2498    i.USB_WritePMA      stm32f1xx_ll_usb.o
    0x0800a36c   0x0800a36c   0x0000011a   Code   RO          724    i.UartIRQ           bsp_uart_fifo103.o
    0x0800a486   0x0800a486   0x00000092   Code   RO          725    i.UartSend          bsp_uart_fifo103.o
    0x0800a518   0x0800a518   0x00000040   Code   RO          727    i.UartVarInit       bsp_uart_fifo103.o
    0x0800a558   0x0800a558   0x00000010   Code   RO          728    i.Uart_strlen       bsp_uart_fifo103.o
    0x0800a568   0x0800a568   0x00000004   Code   RO         1843    i.UsageFault_Handler  stm32f1xx_it.o
    0x0800a56c   0x0800a56c   0x00000028   Code   RO         8500    i.__ARM_fpclassify  m_ws.l(fpclassify.o)
    0x0800a594   0x0800a594   0x00000010   Code   RO         3145    i.__NVIC_GetPriorityGrouping  stm32f1xx_hal_cortex.o
    0x0800a5a4   0x0800a5a4   0x00000028   Code   RO         3146    i.__NVIC_SetPriority  stm32f1xx_hal_cortex.o
    0x0800a5cc   0x0800a5cc   0x00000006   Code   RO          729    i.__set_PRIMASK     bsp_uart_fifo103.o
    0x0800a5d2   0x0800a5d2   0x0000000e   Code   RO         8342    i._is_digit         c_w.l(__printf_wp.o)
    0x0800a5e0   0x0800a5e0   0x00000004   Code   RO          730    i._sys_exit         bsp_uart_fifo103.o
    0x0800a5e4   0x0800a5e4   0x00000010   Code   RO          246    i.bsp_Init          bsp103.o
    0x0800a5f4   0x0800a5f4   0x0000000c   Code   RO          972    i.bsp_InitCan       bsp_can_fifo103.o
    0x0800a600   0x0800a600   0x0000000c   Code   RO          566    i.bsp_InitKey       bsp_key103.o
    0x0800a60c   0x0800a60c   0x00000058   Code   RO          567    i.bsp_InitKeyHard   bsp_key103.o
    0x0800a664   0x0800a664   0x00000050   Code   RO          568    i.bsp_InitKeyVar    bsp_key103.o
    0x0800a6b4   0x0800a6b4   0x00000080   Code   RO          663    i.bsp_InitLed       bsp_led103.o
    0x0800a734   0x0800a734   0x0000000c   Code   RO          732    i.bsp_InitUart      bsp_uart_fifo103.o
    0x0800a740   0x0800a740   0x00000038   Code   RO          665    i.bsp_LedOff        bsp_led103.o
    0x0800a778   0x0800a778   0x0000004c   Code   RO          667    i.bsp_LedToggle     bsp_led103.o
    0x0800a7c4   0x0800a7c4   0x00000058   Code   RO          733    i.bsp_SetUartParam  bsp_uart_fifo103.o
    0x0800a81c   0x0800a81c   0x000000f4   Code   RO          973    i.canStoreFatfs     bsp_can_fifo103.o
    0x0800a910   0x0800a910   0x00000098   Code   RO         5835    i.check_fs          ff.o
    0x0800a9a8   0x0800a9a8   0x00000014   Code   RO         5836    i.chk_chr           ff.o
    0x0800a9bc   0x0800a9bc   0x00000090   Code   RO         5837    i.chk_lock          ff.o
    0x0800aa4c   0x0800aa4c   0x00000030   Code   RO         5838    i.clear_lock        ff.o
    0x0800aa7c   0x0800aa7c   0x00000020   Code   RO         5840    i.clust2sect        ff.o
    0x0800aa9c   0x0800aa9c   0x00000134   Code   RO         2053    i.cm_backtrace_call_stack  cm_backtrace.o
    0x0800abd0   0x0800abd0   0x000002b8   Code   RO         2054    i.cm_backtrace_fault  cm_backtrace.o
    0x0800ae88   0x0800ae88   0x0000002c   Code   RO         2055    i.cm_backtrace_firmware_info  cm_backtrace.o
    0x0800aeb4   0x0800aeb4   0x000000a0   Code   RO         2056    i.cm_backtrace_init  cm_backtrace.o
    0x0800af54   0x0800af54   0x00000090   Code   RO         5841    i.cmp_lfn           ff.o
    0x0800afe4   0x0800afe4   0x0000002e   Code   RO          737    i.comSendBuf        bsp_uart_fifo103.o
    0x0800b012   0x0800b012   0x000000ea   Code   RO         5842    i.create_chain      ff.o
    0x0800b0fc   0x0800b0fc   0x00000270   Code   RO         5843    i.create_name       ff.o
    0x0800b36c   0x0800b36c   0x0000007c   Code   RO            4    i.dataProcessing    usermain.o
    0x0800b3e8   0x0800b3e8   0x00000064   Code   RO         5845    i.dir_alloc         ff.o
    0x0800b44c   0x0800b44c   0x00000102   Code   RO         5846    i.dir_find          ff.o
    0x0800b54e   0x0800b54e   0x0000015a   Code   RO         5847    i.dir_next          ff.o
    0x0800b6a8   0x0800b6a8   0x0000014a   Code   RO         5849    i.dir_register      ff.o
    0x0800b7f2   0x0800b7f2   0x000000c8   Code   RO         5851    i.dir_sdi           ff.o
    0x0800b8ba   0x0800b8ba   0x00000030   Code   RO         2057    i.disassembly_ins_is_bl_blx  cm_backtrace.o
    0x0800b8ea   0x0800b8ea   0x00000002   PAD
    0x0800b8ec   0x0800b8ec   0x0000002c   Code   RO         5780    i.disk_initialize   diskio.o
    0x0800b918   0x0800b918   0x00000028   Code   RO         5781    i.disk_ioctl        diskio.o
    0x0800b940   0x0800b940   0x00000030   Code   RO         5782    i.disk_read         diskio.o
    0x0800b970   0x0800b970   0x0000001c   Code   RO         5783    i.disk_status       diskio.o
    0x0800b98c   0x0800b98c   0x00000030   Code   RO         5784    i.disk_write        diskio.o
    0x0800b9bc   0x0800b9bc   0x000000d0   Code   RO         2058    i.dump_stack        cm_backtrace.o
    0x0800ba8c   0x0800ba8c   0x00000028   Code   RO         5852    i.enq_lock          ff.o
    0x0800bab4   0x0800bab4   0x00000644   Code   RO         5860    i.f_mkfs            ff.o
    0x0800c0f8   0x0800c0f8   0x0000008c   Code   RO         5861    i.f_mount           ff.o
    0x0800c184   0x0800c184   0x000001ee   Code   RO         5862    i.f_open            ff.o
    0x0800c372   0x0800c372   0x00000002   PAD
    0x0800c374   0x0800c374   0x000002d4   Code   RO         2059    i.fault_diagnosis   cm_backtrace.o
    0x0800c648   0x0800c648   0x00000008   Code   RO          740    i.ferror            bsp_uart_fifo103.o
    0x0800c650   0x0800c650   0x0000007c   Code   RO         6310    i.ff_convert        cc936.o
    0x0800c6cc   0x0800c6cc   0x00000026   Code   RO         6259    i.ff_cre_syncobj    syscall.o
    0x0800c6f2   0x0800c6f2   0x0000000e   Code   RO         6260    i.ff_del_syncobj    syscall.o
    0x0800c700   0x0800c700   0x0000000c   Code   RO         6261    i.ff_rel_grant      syscall.o
    0x0800c70c   0x0800c70c   0x00000018   Code   RO         6262    i.ff_req_grant      syscall.o
    0x0800c724   0x0800c724   0x00000038   Code   RO         6311    i.ff_wtoupper       cc936.o
    0x0800c75c   0x0800c75c   0x000003e8   Code   RO         5876    i.find_volume       ff.o
    0x0800cb44   0x0800cb44   0x00000080   Code   RO         5877    i.fit_lfn           ff.o
    0x0800cbc4   0x0800cbc4   0x0000009c   Code   RO         5878    i.follow_path       ff.o
    0x0800cc60   0x0800cc60   0x0000001c   Code   RO          742    i.fputc             bsp_uart_fifo103.o
    0x0800cc7c   0x0800cc7c   0x000000cc   Code   RO         5879    i.gen_numname       ff.o
    0x0800cd48   0x0800cd48   0x00000008   Code   RO         2060    i.get_cur_thread_name  cm_backtrace.o
    0x0800cd50   0x0800cd50   0x00000080   Code   RO         2061    i.get_cur_thread_stack_info  cm_backtrace.o
    0x0800cdd0   0x0800cdd0   0x000000ee   Code   RO         5880    i.get_fat           ff.o
    0x0800cebe   0x0800cebe   0x00000004   Code   RO         1364    i.get_fattime       fatfs.o
    0x0800cec2   0x0800cec2   0x00000048   Code   RO         5882    i.get_ldnumber      ff.o
    0x0800cf0a   0x0800cf0a   0x00000010   Code   RO         7187    i.inHandlerMode     cmsis_os.o
    0x0800cf1a   0x0800cf1a   0x00000002   PAD
    0x0800cf1c   0x0800cf1c   0x000000e8   Code   RO         5883    i.inc_lock          ff.o
    0x0800d004   0x0800d004   0x00000022   Code   RO         5884    i.ld_clust          ff.o
    0x0800d026   0x0800d026   0x0000000e   Code   RO         5885    i.lock_fs           ff.o
    0x0800d034   0x0800d034   0x00000090   Code   RO         1099    i.main              main.o
    0x0800d0c4   0x0800d0c4   0x0000000e   Code   RO         7189    i.makeFreeRtosPriority  cmsis_os.o
    0x0800d0d2   0x0800d0d2   0x00000026   Code   RO         5886    i.mem_cmp           ff.o
    0x0800d0f8   0x0800d0f8   0x0000001a   Code   RO         5887    i.mem_cpy           ff.o
    0x0800d112   0x0800d112   0x00000014   Code   RO         5888    i.mem_set           ff.o
    0x0800d126   0x0800d126   0x00000038   Code   RO         5889    i.move_window       ff.o
    0x0800d15e   0x0800d15e   0x00000018   Code   RO         7191    i.osDelay           cmsis_os.o
    0x0800d176   0x0800d176   0x0000000a   Code   RO         7194    i.osKernelStart     cmsis_os.o
    0x0800d180   0x0800d180   0x0000004a   Code   RO         7220    i.osSemaphoreCreate  cmsis_os.o
    0x0800d1ca   0x0800d1ca   0x00000018   Code   RO         7221    i.osSemaphoreDelete  cmsis_os.o
    0x0800d1e2   0x0800d1e2   0x00000002   PAD
    0x0800d1e4   0x0800d1e4   0x00000050   Code   RO         7223    i.osSemaphoreRelease  cmsis_os.o
    0x0800d234   0x0800d234   0x00000068   Code   RO         7224    i.osSemaphoreWait   cmsis_os.o
    0x0800d29c   0x0800d29c   0x00000060   Code   RO         7225    i.osSignalSet       cmsis_os.o
    0x0800d2fc   0x0800d2fc   0x00000062   Code   RO         7226    i.osSignalWait      cmsis_os.o
    0x0800d35e   0x0800d35e   0x0000005e   Code   RO         7228    i.osThreadCreate    cmsis_os.o
    0x0800d3bc   0x0800d3bc   0x00000098   Code   RO         2062    i.print_call_stack  cm_backtrace.o
    0x0800d454   0x0800d454   0x00000098   Code   RO         6857    i.prvAddCurrentTaskToDelayedList  tasks.o
    0x0800d4ec   0x0800d4ec   0x000000b4   Code   RO         6858    i.prvAddNewTaskToReadyList  tasks.o
    0x0800d5a0   0x0800d5a0   0x00000048   Code   RO         6859    i.prvCheckTasksWaitingTermination  tasks.o
    0x0800d5e8   0x0800d5e8   0x0000002a   Code   RO         6544    i.prvCopyDataFromQueue  queue.o
    0x0800d612   0x0800d612   0x0000007c   Code   RO         6545    i.prvCopyDataToQueue  queue.o
    0x0800d68e   0x0800d68e   0x00000050   Code   RO         6860    i.prvDeleteTCB      tasks.o
    0x0800d6de   0x0800d6de   0x00000014   Code   RO         6546    i.prvGetDisinheritPriorityAfterTimeout  queue.o
    0x0800d6f2   0x0800d6f2   0x00000002   PAD
    0x0800d6f4   0x0800d6f4   0x0000007c   Code   RO         7556    i.prvHeapInit       heap_4.o
    0x0800d770   0x0800d770   0x00000028   Code   RO         6861    i.prvIdleTask       tasks.o
    0x0800d798   0x0800d798   0x00000026   Code   RO         6548    i.prvInitialiseNewQueue  queue.o
    0x0800d7be   0x0800d7be   0x000000ba   Code   RO         6862    i.prvInitialiseNewTask  tasks.o
    0x0800d878   0x0800d878   0x00000068   Code   RO         6863    i.prvInitialiseTaskLists  tasks.o
    0x0800d8e0   0x0800d8e0   0x00000068   Code   RO         7557    i.prvInsertBlockIntoFreeList  heap_4.o
    0x0800d948   0x0800d948   0x0000001a   Code   RO         6549    i.prvIsQueueEmpty   queue.o
    0x0800d962   0x0800d962   0x0000001e   Code   RO         6550    i.prvIsQueueFull    queue.o
    0x0800d980   0x0800d980   0x00000034   Code   RO         6864    i.prvResetNextTaskUnblockTime  tasks.o
    0x0800d9b4   0x0800d9b4   0x00000040   Code   RO         7618    i.prvTaskExitError  port.o
    0x0800d9f4   0x0800d9f4   0x0000007e   Code   RO         6551    i.prvUnlockQueue    queue.o
    0x0800da72   0x0800da72   0x00000146   Code   RO         5891    i.put_fat           ff.o
    0x0800dbb8   0x0800dbb8   0x00000148   Code   RO         7558    i.pvPortMalloc      heap_4.o
    0x0800dd00   0x0800dd00   0x00000020   Code   RO         6866    i.pvTaskIncrementMutexHeldCount  tasks.o
    0x0800dd20   0x0800dd20   0x00000024   Code   RO         7619    i.pxPortInitialiseStack  port.o
    0x0800dd44   0x0800dd44   0x0000007a   Code   RO         5893    i.remove_chain      ff.o
    0x0800ddbe   0x0800ddbe   0x00000010   Code   RO         5894    i.st_clust          ff.o
    0x0800ddce   0x0800ddce   0x00000020   Code   RO         5895    i.sum_sfn           ff.o
    0x0800ddee   0x0800ddee   0x00000060   Code   RO         5897    i.sync_window       ff.o
    0x0800de4e   0x0800de4e   0x00000022   Code   RO         5898    i.unlock_fs         ff.o
    0x0800de70   0x0800de70   0x00000028   Code   RO         6507    i.uxListRemove      list.o
    0x0800de98   0x0800de98   0x00000018   Code   RO         1196    i.vApplicationGetIdleTaskMemory  freertos.o
    0x0800deb0   0x0800deb0   0x00000024   Code   RO         1197    i.vApplicationMallocFailedHook  freertos.o
    0x0800ded4   0x0800ded4   0x0000001c   Code   RO         1198    i.vApplicationStackOverflowHook  freertos.o
    0x0800def0   0x0800def0   0x0000001a   Code   RO         6508    i.vListInitialise   list.o
    0x0800df0a   0x0800df0a   0x00000006   Code   RO         6509    i.vListInitialiseItem  list.o
    0x0800df10   0x0800df10   0x00000034   Code   RO         6510    i.vListInsert       list.o
    0x0800df44   0x0800df44   0x00000018   Code   RO         6511    i.vListInsertEnd    list.o
    0x0800df5c   0x0800df5c   0x00000054   Code   RO         7621    i.vPortEnterCritical  port.o
    0x0800dfb0   0x0800dfb0   0x0000003c   Code   RO         7622    i.vPortExitCritical  port.o
    0x0800dfec   0x0800dfec   0x00000094   Code   RO         7559    i.vPortFree         heap_4.o
    0x0800e080   0x0800e080   0x00000028   Code   RO         7623    i.vPortSetupTimerInterrupt  port.o
    0x0800e0a8   0x0800e0a8   0x00000078   Code   RO         7624    i.vPortValidateInterruptPriority  port.o
    0x0800e120   0x0800e120   0x00000032   Code   RO         6556    i.vQueueDelete      queue.o
    0x0800e152   0x0800e152   0x00000002   PAD
    0x0800e154   0x0800e154   0x00000030   Code   RO         6557    i.vQueueUnregisterQueue  queue.o
    0x0800e184   0x0800e184   0x0000005c   Code   RO         6872    i.vTaskDelay        tasks.o
    0x0800e1e0   0x0800e1e0   0x00000018   Code   RO         6875    i.vTaskInternalSetTimeOutState  tasks.o
    0x0800e1f8   0x0800e1f8   0x0000000c   Code   RO         6876    i.vTaskMissedYield  tasks.o
    0x0800e204   0x0800e204   0x0000000c   Code   RO         6877    i.vTaskName         tasks.o
    0x0800e210   0x0800e210   0x00000038   Code   RO         6879    i.vTaskPlaceOnEventList  tasks.o
    0x0800e248   0x0800e248   0x000000f4   Code   RO         6881    i.vTaskPriorityDisinheritAfterTimeout  tasks.o
    0x0800e33c   0x0800e33c   0x0000000c   Code   RO         6886    i.vTaskStackAddr    tasks.o
    0x0800e348   0x0800e348   0x0000000c   Code   RO         6887    i.vTaskStackSize    tasks.o
    0x0800e354   0x0800e354   0x000000b0   Code   RO         6888    i.vTaskStartScheduler  tasks.o
    0x0800e404   0x0800e404   0x00000010   Code   RO         6890    i.vTaskSuspendAll   tasks.o
    0x0800e414   0x0800e414   0x000000c4   Code   RO         6891    i.vTaskSwitchContext  tasks.o
    0x0800e4d8   0x0800e4d8   0x000000f8   Code   RO         7625    i.xPortStartScheduler  port.o
    0x0800e5d0   0x0800e5d0   0x00000034   Code   RO         7626    i.xPortSysTickHandler  port.o
    0x0800e604   0x0800e604   0x0000005e   Code   RO         6560    i.xQueueGenericCreate  queue.o
    0x0800e662   0x0800e662   0x000000de   Code   RO         6561    i.xQueueGenericCreateStatic  queue.o
    0x0800e740   0x0800e740   0x00000098   Code   RO         6562    i.xQueueGenericReset  queue.o
    0x0800e7d8   0x0800e7d8   0x000001a8   Code   RO         6563    i.xQueueGenericSend  queue.o
    0x0800e980   0x0800e980   0x000000e0   Code   RO         6565    i.xQueueGiveFromISR  queue.o
    0x0800ea60   0x0800ea60   0x000000ca   Code   RO         6571    i.xQueueReceiveFromISR  queue.o
    0x0800eb2a   0x0800eb2a   0x00000002   PAD
    0x0800eb2c   0x0800eb2c   0x000001b8   Code   RO         6572    i.xQueueSemaphoreTake  queue.o
    0x0800ece4   0x0800ece4   0x0000008c   Code   RO         6892    i.xTaskCheckForTimeOut  tasks.o
    0x0800ed70   0x0800ed70   0x00000064   Code   RO         6893    i.xTaskCreate       tasks.o
    0x0800edd4   0x0800edd4   0x000000b8   Code   RO         6894    i.xTaskCreateStatic  tasks.o
    0x0800ee8c   0x0800ee8c   0x00000104   Code   RO         6895    i.xTaskGenericNotify  tasks.o
    0x0800ef90   0x0800ef90   0x00000144   Code   RO         6896    i.xTaskGenericNotifyFromISR  tasks.o
    0x0800f0d4   0x0800f0d4   0x00000020   Code   RO         6898    i.xTaskGetSchedulerState  tasks.o
    0x0800f0f4   0x0800f0f4   0x00000148   Code   RO         6901    i.xTaskIncrementTick  tasks.o
    0x0800f23c   0x0800f23c   0x000000a0   Code   RO         6903    i.xTaskNotifyWait   tasks.o
    0x0800f2dc   0x0800f2dc   0x000000c8   Code   RO         6904    i.xTaskPriorityDisinherit  tasks.o
    0x0800f3a4   0x0800f3a4   0x000000c8   Code   RO         6905    i.xTaskPriorityInherit  tasks.o
    0x0800f46c   0x0800f46c   0x00000098   Code   RO         6906    i.xTaskRemoveFromEventList  tasks.o
    0x0800f504   0x0800f504   0x00000104   Code   RO         6907    i.xTaskResumeAll    tasks.o
    0x0800f608   0x0800f608   0x0000002c   Code   RO         8484    locale$$code        c_w.l(lc_ctype_c.o)
    0x0800f634   0x0800f634   0x0000002c   Code   RO         8487    locale$$code        c_w.l(lc_numeric_c.o)
    0x0800f660   0x0800f660   0x00000004   Code   RO         8415    x$fpl$printf1       fz_ws.l(printf1.o)
    0x0800f664   0x0800f664   0x00000004   Code   RO         8417    x$fpl$printf2       fz_ws.l(printf2.o)
    0x0800f668   0x0800f668   0x00000000   Code   RO         8499    x$fpl$usenofp       fz_ws.l(usenofp.o)
    0x0800f668   0x0800f668   0x00000010   Data   RO          574    .constdata          bsp_key103.o
    0x0800f678   0x0800f678   0x00000038   Data   RO         1101    .constdata          main.o
    0x0800f6b0   0x0800f6b0   0x00000024   Data   RO         1782    .constdata          usbd_storage_if.o
    0x0800f6d4   0x0800f6d4   0x00000018   Data   RO         2019    .constdata          system_stm32f1xx.o
    0x0800f6ec   0x0800f6ec   0x000000fc   Data   RO         2064    .constdata          cm_backtrace.o
    0x0800f7e8   0x0800f7e8   0x0000003a   Data   RO         5901    .constdata          ff.o
    0x0800f822   0x0800f822   0x0002acc8   Data   RO         6312    .constdata          cc936.o
    0x0803a4ea   0x0803a4ea   0x00000002   PAD
    0x0803a4ec   0x0803a4ec   0x00000014   Data   RO         6350    .constdata          sd_diskio.o
    0x0803a500   0x0803a500   0x00000017   Data   RO         8149    .constdata          usbd_msc_data.o
    0x0803a517   0x0803a517   0x00000001   PAD
    0x0803a518   0x0803a518   0x00000008   Data   RO         8303    .constdata          c_w.l(_printf_wctomb.o)
    0x0803a520   0x0803a520   0x00000028   Data   RO         8330    .constdata          c_w.l(_printf_hex_int_ll_ptr.o)
    0x0803a548   0x0803a548   0x00000011   Data   RO         8350    .constdata          c_w.l(__printf_flags_ss_wp.o)
    0x0803a559   0x0803a559   0x00000026   Data   RO         8445    .constdata          c_w.l(_printf_fp_hex.o)
    0x0803a57f   0x0803a57f   0x00000001   PAD
    0x0803a580   0x0803a580   0x00000094   Data   RO         8459    .constdata          c_w.l(bigflt0.o)
    0x0803a614   0x0803a614   0x00000016   Data   RO         1102    .conststring        main.o
    0x0803a62a   0x0803a62a   0x00000002   PAD
    0x0803a62c   0x0803a62c   0x0000061e   Data   RO         2065    .conststring        cm_backtrace.o
    0x0803ac4a   0x0803ac4a   0x00000002   PAD
    0x0803ac4c   0x0803ac4c   0x00000020   Data   RO         8627    Region$$Table       anon$$obj.o
    0x0803ac6c   0x0803ac6c   0x00000110   Data   RO         8483    locale$$data        c_w.l(lc_ctype_c.o)
    0x0803ad7c   0x0803ad7c   0x0000001c   Data   RO         8486    locale$$data        c_w.l(lc_numeric_c.o)


    Execution Region RW_IRAM1 (Exec base: 0x20000000, Load base: 0x0803ad98, Size: 0x0000e130, Max: 0x00010000, ABSOLUTE, COMPRESSED[0x000000b4])

    Exec Addr    Load Addr    Size         Type   Attr      Idx    E Section Name        Object

    0x20000000   COMPRESSED   0x00000008   Data   RW          746    .data               bsp_uart_fifo103.o
    0x20000008   COMPRESSED   0x00000014   Data   RW         1103    .data               main.o
    0x2000001c   COMPRESSED   0x00000005   Data   RW         1366    .data               fatfs.o
    0x20000021   COMPRESSED   0x00000003   PAD
    0x20000024   COMPRESSED   0x0000004e   Data   RW         1704    .data               usbd_desc.o
    0x20000072   COMPRESSED   0x00000002   PAD
    0x20000074   COMPRESSED   0x00000020   Data   RW         1783    .data               usbd_storage_if.o
    0x20000094   COMPRESSED   0x00000004   Data   RW         2020    .data               system_stm32f1xx.o
    0x20000098   COMPRESSED   0x00000014   Data   RW         2066    .data               cm_backtrace.o
    0x200000ac   COMPRESSED   0x00000009   Data   RW         2677    .data               stm32f1xx_hal.o
    0x200000b5   COMPRESSED   0x00000003   PAD
    0x200000b8   COMPRESSED   0x00000006   Data   RW         5902    .data               ff.o
    0x200000be   COMPRESSED   0x00000001   Data   RW         6351    .data               sd_diskio.o
    0x200000bf   COMPRESSED   0x00000001   PAD
    0x200000c0   COMPRESSED   0x0000003c   Data   RW         6910    .data               tasks.o
    0x200000fc   COMPRESSED   0x00000018   Data   RW         7564    .data               heap_4.o
    0x20000114   COMPRESSED   0x0000000c   Data   RW         7627    .data               port.o
    0x20000120   COMPRESSED   0x00000001   Data   RW         7849    .data               usbd_ctlreq.o
    0x20000121   COMPRESSED   0x00000003   PAD
    0x20000124   COMPRESSED   0x000000a2   Data   RW         8000    .data               usbd_msc.o
    0x200001c6   COMPRESSED   0x00000002   PAD
    0x200001c8        -       0x0000004d   Zero   RW          573    .bss                bsp_key103.o
    0x20000215   COMPRESSED   0x00000003   PAD
    0x20000218        -       0x0000082c   Zero   RW          745    .bss                bsp_uart_fifo103.o
    0x20000a44        -       0x00001090   Zero   RW          974    .bss                bsp_can_fifo103.o
    0x20001ad4        -       0x00000138   Zero   RW         1100    .bss                main.o
    0x20001c0c        -       0x0000025c   Zero   RW         1199    .bss                freertos.o
    0x20001e68        -       0x000002c4   Zero   RW         1428    .bss                usb_device.o
    0x2000212c        -       0x0000055c   Zero   RW         1514    .bss                usbd_conf.o
    0x20002688        -       0x00000200   Zero   RW         1703    .bss                usbd_desc.o
    0x20002888        -       0x00000048   Zero   RW         1981    .bss                stm32f1xx_hal_timebase_tim.o
    0x200028d0        -       0x00000134   Zero   RW         2063    .bss                cm_backtrace.o
    0x20002a04        -       0x00000018   Zero   RW         5900    .bss                ff.o
    0x20002a1c        -       0x0000000c   Zero   RW         6213    .bss                ff_gen_drv.o
    0x20002a28        -       0x00000040   Zero   RW         6573    .bss                queue.o
    0x20002a68        -       0x000000f0   Zero   RW         6909    .bss                tasks.o
    0x20002b58        -       0x00007578   Zero   RW         7563    .bss                heap_4.o
    0x2000a0d0        -       0x00000060   Zero   RW         8503    .bss                c_w.l(libspace.o)
    0x2000a130        -       0x00002000   Zero   RW         2154    HEAP                startup_stm32f103xe.o
    0x2000c130        -       0x00002000   Zero   RW         2153    STACK               startup_stm32f103xe.o


==============================================================================

Image component sizes


      Code (inc. data)   RO Data    RW Data    ZI Data      Debug   Object Name

       104         48          0          0          0     563012   bsp103.o
       768        236          0          0       4240      17831   bsp_can_fifo103.o
       210         26          0          0          0       4048   bsp_driver_sd.o
       180         18         16          0         77       2414   bsp_key103.o
       260         18          0          0          0       2319   bsp_led103.o
      1100        120          0          8       2092      29843   bsp_uart_fifo103.o
       180         18     175304          0          0       2315   cc936.o
      2492        520       1818         20        308      21286   cm_backtrace.o
        12          0          0          0          0        424   cmb_fault.o
       634         12          0          0          0      31147   cmsis_os.o
       208         24          0          0          0       3877   diskio.o
         0          0          0          0          0      16692   event_groups.o
        32         12          0          5          0       4432   fatfs.o
        24          4          0          0          0        537   fatfs_platform.o
      7754        154         58          6         24      33593   ff.o
       102          6          0          0         12       1691   ff_gen_drv.o
        88         54          0          0        604       2363   freertos.o
       704         64          0         24      30072       7403   heap_4.o
       148          0          0          0          0       3554   list.o
      1060        178         78         20        312      18723   main.o
       854         78          0         12          0      11521   port.o
      2262         20          0          0         64      17704   queue.o
       328         32         20          1          0       5080   sd_diskio.o
        64         26        304          0      16384        800   startup_stm32f103xe.o
       116         24          0          9          0       6002   stm32f1xx_hal.o
      1800          0          0          0          0       6861   stm32f1xx_hal_can.o
       252         22          0          0          0      28806   stm32f1xx_hal_cortex.o
      1200         74          0          0          0       4389   stm32f1xx_hal_gpio.o
       688         76          0          0          0       4319   stm32f1xx_hal_msp.o
      4372          0          0          0          0      15624   stm32f1xx_hal_pcd.o
        68          0          0          0          0       1222   stm32f1xx_hal_pcd_ex.o
      1852        120          0          0          0       6821   stm32f1xx_hal_rcc.o
       304         14          0          0          0       1444   stm32f1xx_hal_rcc_ex.o
      3234         34          0          0          0      13978   stm32f1xx_hal_sd.o
      1198         44          0          0          0       9511   stm32f1xx_hal_tim.o
       160         22          0          0          0       2493   stm32f1xx_hal_tim_ex.o
       136         18          0          0         72       1507   stm32f1xx_hal_timebase_tim.o
       366          4          0          0          0       1792   stm32f1xx_hal_uart.o
        90         26          0          0          0       3677   stm32f1xx_it.o
      2110         46          0          0          0      24055   stm32f1xx_ll_sdmmc.o
      5266          0          0          0          0      21143   stm32f1xx_ll_usb.o
        88          0          0          0          0       8060   syscall.o
         2          0         24          4          0       1159   system_stm32f1xx.o
      4090        452          0         60        240      30678   tasks.o
       112         36          0          0        708       6061   usb_device.o
       916         72          0          0       1372      15371   usbd_conf.o
       964         72          0          0          0      10319   usbd_core.o
      2106         28          0          1          0      11008   usbd_ctlreq.o
       382        118          0         78        512       6565   usbd_desc.o
       134          0          0          0          0       3944   usbd_ioreq.o
       740         24          0        162          0       9592   usbd_msc.o
       728         10          0          0          0       7545   usbd_msc_bot.o
         0          0         23          0          0        933   usbd_msc_data.o
      1994         14          0          0          0      13723   usbd_msc_scsi.o
       160         22         36         32          0       4831   usbd_storage_if.o
       124         24          0          0          0     465181   usermain.o

    ----------------------------------------------------------------------
     55382       3064     177720        456      57096    1551223   Object Totals
         0          0         32          0          0          0   (incl. Generated)
        62          0          7         14          3          0   (incl. Padding)

    ----------------------------------------------------------------------

      Code (inc. data)   RO Data    RW Data    ZI Data      Debug   Library Member Name

        24          4          0          0          0         84   __2printf.o
        44          6          0          0          0         84   __2sprintf.o
        90          0          0          0          0          0   __dczerorl2.o
         8          0          0          0          0         68   __main.o
       392          4         17          0          0         92   __printf_flags_ss_wp.o
        14          0          0          0          0         68   __printf_wp.o
         0          0          0          0          0          0   __rtentry.o
        12          0          0          0          0          0   __rtentry2.o
         6          0          0          0          0          0   __rtentry4.o
        52          8          0          0          0          0   __scatter.o
        28          0          0          0          0          0   __scatter_zi.o
         6          0          0          0          0          0   _printf_a.o
         6          0          0          0          0          0   _printf_c.o
        44          0          0          0          0        108   _printf_char.o
        48          6          0          0          0         96   _printf_char_common.o
        36          4          0          0          0         80   _printf_char_file.o
        40          0          0          0          0         68   _printf_charcount.o
         6          0          0          0          0          0   _printf_d.o
       120         16          0          0          0         92   _printf_dec.o
         6          0          0          0          0          0   _printf_e.o
         6          0          0          0          0          0   _printf_f.o
      1054          0          0          0          0        216   _printf_fp_dec.o
       764          8         38          0          0        100   _printf_fp_hex.o
       128         16          0          0          0         84   _printf_fp_infnan.o
         6          0          0          0          0          0   _printf_g.o
       148          4         40          0          0        160   _printf_hex_int_ll_ptr.o
         6          0          0          0          0          0   _printf_i.o
       178          0          0          0          0         88   _printf_intcommon.o
        10          0          0          0          0          0   _printf_l.o
         6          0          0          0          0          0   _printf_lc.o
        10          0          0          0          0          0   _printf_ll.o
         6          0          0          0          0          0   _printf_lld.o
         6          0          0          0          0          0   _printf_lli.o
         6          0          0          0          0          0   _printf_llo.o
         6          0          0          0          0          0   _printf_llu.o
         6          0          0          0          0          0   _printf_llx.o
       124         16          0          0          0         92   _printf_longlong_dec.o
         6          0          0          0          0          0   _printf_ls.o
         6          0          0          0          0          0   _printf_n.o
         6          0          0          0          0          0   _printf_o.o
       112         10          0          0          0        124   _printf_oct_int_ll.o
         6          0          0          0          0          0   _printf_p.o
        78          0          0          0          0        108   _printf_pad.o
         0          0          0          0          0          0   _printf_percent.o
         4          0          0          0          0          0   _printf_percent_end.o
         6          0          0          0          0          0   _printf_s.o
        82          0          0          0          0         80   _printf_str.o
        36          0          0          0          0         84   _printf_truncate.o
         6          0          0          0          0          0   _printf_u.o
        44          0          0          0          0        108   _printf_wchar.o
       188          6          8          0          0         92   _printf_wctomb.o
         6          0          0          0          0          0   _printf_x.o
        10          0          0          0          0         68   _sputc.o
        64          0          0          0          0         92   _wcrtomb.o
        16          0          0          0          0         68   aeabi_memset.o
       228          4        148          0          0         96   bigflt0.o
      1936        128          0          0          0        672   btod.o
        18          0          0          0          0         80   exit.o
         6          0          0          0          0        152   heapauxi.o
        44         10        272          0          0         76   lc_ctype_c.o
        44         10         28          0          0         76   lc_numeric_c.o
         2          0          0          0          0          0   libinit.o
        30          0          0          0          0          0   libinit2.o
         2          0          0          0          0          0   libshutdown.o
         2          0          0          0          0          0   libshutdown2.o
         8          4          0          0         96         68   libspace.o
       138          0          0          0          0         80   lludiv10.o
        16          4          0          0          0         76   rt_ctype_table.o
         8          4          0          0          0         68   rt_locale_intlibspace.o
        68          0          0          0          0         68   rt_memclr.o
        78          0          0          0          0         80   rt_memclr_w.o
       138          0          0          0          0         68   rt_memcpy_v6.o
       100          0          0          0          0         80   rt_memcpy_w.o
         2          0          0          0          0          0   rtexit.o
        10          0          0          0          0          0   rtexit2.o
       128          0          0          0          0         68   strcmpv7m.o
        86          0          0          0          0         76   strncpy.o
        74          0          0          0          0         80   sys_stackheap_outer.o
         2          0          0          0          0         68   use_no_semi.o
         2          0          0          0          0         68   use_no_semi_2.o
        36          4          0          0          0         76   vsprintf.o
         4          0          0          0          0         68   printf1.o
         4          0          0          0          0         68   printf2.o
         0          0          0          0          0          0   usenofp.o
        40          0          0          0          0         68   fpclassify.o

    ----------------------------------------------------------------------
      7394        276        552          0         96       4784   Library Totals
        12          0          1          0          0          0   (incl. Padding)

    ----------------------------------------------------------------------

      Code (inc. data)   RO Data    RW Data    ZI Data      Debug   Library Name

      7334        276        551          0         96       4580   c_w.l
         8          0          0          0          0        136   fz_ws.l
        40          0          0          0          0         68   m_ws.l

    ----------------------------------------------------------------------
      7394        276        552          0         96       4784   Library Totals

    ----------------------------------------------------------------------

==============================================================================


      Code (inc. data)   RO Data    RW Data    ZI Data      Debug   

     62776       3340     178272        456      57192    1529587   Grand Totals
     62776       3340     178272        180      57192    1529587   ELF Image Totals (compressed)
     62776       3340     178272        180          0          0   ROM Totals

==============================================================================

    Total RO  Size (Code + RO Data)               241048 ( 235.40kB)
    Total RW  Size (RW Data + ZI Data)             57648 (  56.30kB)
    Total ROM Size (Code + RO Data + RW Data)     241228 ( 235.57kB)

==============================================================================

